Component: ARM Compiler 5.06 update 4 (build 422) Tool: armlink [4d3601]

==============================================================================

Section Cross References

    startup_stm32f407xx.o(RESET) refers to startup_stm32f407xx.o(STACK) for __initial_sp
    startup_stm32f407xx.o(RESET) refers to startup_stm32f407xx.o(.text) for Reset_Handler
    startup_stm32f407xx.o(RESET) refers to stm32f4xx_it.o(.text) for NMI_Handler
    startup_stm32f407xx.o(.text) refers to system_stm32f4xx.o(.text) for SystemInit
    startup_stm32f407xx.o(.text) refers to entry.o(.ARM.Collect$$$$00000000) for __main
    24cxx.o(.text) refers to myiic.o(.text) for IIC_Init
    24cxx.o(.text) refers to delay.o(.text) for delay_ms
    delay.o(.text) refers to stm32f4xx_hal_cortex.o(.text) for HAL_SYSTICK_CLKSourceConfig
    delay.o(.text) refers to delay.o(.data) for .data
    myiic.o(.text) refers to stm32f4xx_hal_gpio.o(.text) for HAL_GPIO_Init
    myiic.o(.text) refers to delay.o(.text) for delay_us
    lcd.o(.text) refers to delay.o(.text) for delay_us
    lcd.o(.text) refers to lcd.o(.bss) for .bss
    lcd.o(.text) refers to lcd.o(.data) for .data
    lcd.o(.text) refers to dfltui.o(.text) for __aeabi_ui2d
    lcd.o(.text) refers to dmul.o(.text) for __aeabi_dmul
    lcd.o(.text) refers to dfixui.o(.text) for __aeabi_d2uiz
    lcd.o(.text) refers to printf8.o(i.__0printf$8) for __2printf
    lcd.o(.text) refers to lcd.o(.constdata) for .constdata
    ctiic.o(.text) refers to delay.o(.text) for delay_us
    ctiic.o(.text) refers to stm32f4xx_hal_gpio.o(.text) for HAL_GPIO_Init
    gt9147.o(.text) refers to ctiic.o(.text) for CT_IIC_Start
    gt9147.o(.text) refers to stm32f4xx_hal_gpio.o(.text) for HAL_GPIO_Init
    gt9147.o(.text) refers to delay.o(.text) for delay_ms
    gt9147.o(.text) refers to printf8.o(i.__0printf$8) for __2printf
    gt9147.o(.text) refers to strcmp.o(.text) for strcmp
    gt9147.o(.text) refers to gt9147.o(.constdata) for .constdata
    gt9147.o(.text) refers to gt9147.o(.data) for .data
    gt9147.o(.text) refers to touch.o(.data) for tp_dev
    gt9147.o(.text) refers to lcd.o(.bss) for lcddev
    touch.o(.text) refers to delay.o(.text) for delay_us
    touch.o(.text) refers to lcd.o(.text) for LCD_DrawLine
    touch.o(.text) refers to 24cxx.o(.text) for AT24CXX_WriteLenByte
    touch.o(.text) refers to touch.o(.data) for .data
    touch.o(.text) refers to lcd.o(.data) for POINT_COLOR
    touch.o(.text) refers to dfltui.o(.text) for __aeabi_ui2d
    touch.o(.text) refers to sqrt.o(i.__hardfp_sqrt) for __hardfp_sqrt
    touch.o(.text) refers to dfixui.o(.text) for __aeabi_d2uiz
    touch.o(.text) refers to f2d.o(.text) for __aeabi_f2d
    touch.o(.text) refers to cdcmple.o(.text) for __aeabi_cdcmple
    touch.o(.text) refers to cdrcmple.o(.text) for __aeabi_cdrcmple
    touch.o(.text) refers to dmul.o(.text) for __aeabi_dmul
    touch.o(.text) refers to lcd.o(.bss) for lcddev
    touch.o(.text) refers to touch.o(.constdata) for .constdata
    touch.o(.text) refers to gt9147.o(.text) for GT9147_Init
    touch.o(.constdata) refers to touch.o(.conststring) for .conststring
    touch.o(.data) refers to touch.o(.text) for TP_Init
    main.o(.text) refers to _scanf_int.o(.text) for _scanf_int
    main.o(.text) refers to lcd.o(.text) for LCD_Clear
    main.o(.text) refers to delay.o(.text) for delay_ms
    main.o(.text) refers to stm32f4xx_hal_rcc.o(.text) for HAL_RCC_OscConfig
    main.o(.text) refers to stm32f4xx_hal_rcc_ex.o(.text) for HAL_RCCEx_PeriphCLKConfig
    main.o(.text) refers to stm32f4xx_hal_cortex.o(.text) for HAL_SYSTICK_Config
    main.o(.text) refers to stm32f4xx_hal.o(.text) for HAL_Init
    main.o(.text) refers to gpio.o(.text) for MX_GPIO_Init
    main.o(.text) refers to usart.o(.text) for MX_USART1_UART_Init
    main.o(.text) refers to fsmc.o(.text) for MX_FSMC_Init
    main.o(.text) refers to rtc.o(.text) for MX_RTC_Init
    main.o(.text) refers to tim.o(.text) for MX_TIM2_Init
    main.o(.text) refers to stm32f4xx_hal_gpio.o(.text) for HAL_GPIO_WritePin
    main.o(.text) refers to printf8.o(i.__0sprintf$8) for __2sprintf
    main.o(.text) refers to stm32f4xx_hal_rtc.o(.text) for HAL_RTC_SetDate
    main.o(.text) refers to lcd.o(.data) for POINT_COLOR
    main.o(.text) refers to lcd.o(.bss) for lcddev
    main.o(.text) refers to touch.o(.data) for tp_dev
    main.o(.text) refers to main.o(.constdata) for .constdata
    main.o(.text) refers to rtc.o(.bss) for hrtc
    main.o(.text) refers to main.o(.data) for .data
    main.o(.text) refers to stm32f4xx_hal_tim.o(.text) for HAL_TIM_Base_Start_IT
    main.o(.text) refers to stm32f4xx_hal_uart.o(.text) for HAL_UART_Receive_IT
    main.o(.text) refers to __0sscanf.o(.text) for __0sscanf
    main.o(.text) refers to printf8.o(i.__0printf$8) for __2printf
    main.o(.text) refers to main.o(.bss) for .bss
    main.o(.text) refers to tim.o(.bss) for htim2
    main.o(.text) refers to usart.o(.bss) for huart1
[...]
    .text                                    0x0800c580   Section        0  depilogue.o(.text)
    .text                                    0x0800c580   Section        0  iusefp.o(.text)
    .text                                    0x0800c63a   Section        0  dsqrt.o(.text)
    .text                                    0x0800c6dc   Section       36  init.o(.text)
    .text                                    0x0800c700   Section        0  isspace_c.o(.text)
    .text                                    0x0800c70c   Section        0  _scanf.o(.text)
    .text                                    0x0800ca38   Section        0  ctype_c.o(.text)
    .text                                    0x0800ca60   Section        0  __dczerorl2.o(.text)
    i.__0printf$8                            0x0800cab8   Section        0  printf8.o(i.__0printf$8)
    i.__0sprintf$8                           0x0800cad8   Section        0  printf8.o(i.__0sprintf$8)
    i.__hardfp_sqrt                          0x0800cb00   Section        0  sqrt.o(i.__hardfp_sqrt)
    i.__scatterload_copy                     0x0800cb7a   Section       14  handlers.o(i.__scatterload_copy)
    i.__scatterload_null                     0x0800cb88   Section        2  handlers.o(i.__scatterload_null)
    i.__scatterload_zeroinit                 0x0800cb8a   Section       14  handlers.o(i.__scatterload_zeroinit)
    i.__set_errno                            0x0800cb98   Section        0  errno.o(i.__set_errno)
    i._printf_core                           0x0800cba4   Section        0  printf8.o(i._printf_core)
    _printf_core                             0x0800cba5   Thumb Code   996  printf8.o(i._printf_core)
    i._printf_post_padding                   0x0800cfb4   Section        0  printf8.o(i._printf_post_padding)
    _printf_post_padding                     0x0800cfb5   Thumb Code    36  printf8.o(i._printf_post_padding)
    i._printf_pre_padding                    0x0800cfd8   Section        0  printf8.o(i._printf_pre_padding)
    _printf_pre_padding                      0x0800cfd9   Thumb Code    46  printf8.o(i._printf_pre_padding)
    i._sputc                                 0x0800d006   Section        0  printf8.o(i._sputc)
    _sputc                                   0x0800d007   Thumb Code    10  printf8.o(i._sputc)
    .constdata                               0x0800d010   Section     6080  lcd.o(.constdata)
    .constdata                               0x0800e7d0   Section      194  gt9147.o(.constdata)
    .constdata                               0x0800e894   Section        4  touch.o(.constdata)
    .constdata                               0x0800e898   Section       10  main.o(.constdata)
    .constdata                               0x0800e8a2   Section        8  stm32f4xx_hal_dma.o(.constdata)
    flagBitshiftOffset                       0x0800e8a2   Data           8  stm32f4xx_hal_dma.o(.constdata)
    .constdata                               0x0800e8aa   Section       16  system_stm32f4xx.o(.constdata)
    .constdata                               0x0800e8ba   Section        8  system_stm32f4xx.o(.constdata)
    .constdata                               0x0800e8c2   Section       64  ctype_c.o(.constdata)
    .conststring                             0x0800e904   Section      121  touch.o(.conststring)
    .conststring                             0x0800e980   Section       46  main.o(.conststring)
    .data                                    0x20000000   Section        4  delay.o(.data)
    fac_us                                   0x20000000   Data           1  delay.o(.data)
    fac_ms                                   0x20000002   Data           2  delay.o(.data)
    .data                                    0x20000004   Section        8  lcd.o(.data)
    i                                        0x20000008   Data           2  lcd.o(.data)
    j                                        0x2000000a   Data           2  lcd.o(.data)
    .data                                    0x2000000c   Section        1  gt9147.o(.data)
    t                                        0x2000000c   Data           1  gt9147.o(.data)
    .data                                    0x20000010   Section       56  touch.o(.data)
    .data                                    0x20000048   Section      212  main.o(.data)
    tickCnt                                  0x2000005c   Data           4  main.o(.data)
    secondCnt                                0x20000060   Data           4  main.o(.data)
    tim2Cnt                                  0x20000064   Data           4  main.o(.data)
    secondCnt                                0x20000068   Data           4  main.o(.data)
    led_flash                                0x2000006c   Data           4  main.o(.data)
    .data                                    0x2000011c   Section        8  fsmc.o(.data)
    FSMC_Initialized                         0x2000011c   Data           4  fsmc.o(.data)
    FSMC_DeInitialized                       0x20000120   Data           4  fsmc.o(.data)
    .data                                    0x20000124   Section       12  stm32f4xx_hal.o(.data)
    .data                                    0x20000130   Section        4  system_stm32f4xx.o(.data)
    .data                                    0x20000134   Section        4  stdout.o(.data)
    .data                                    0x20000138   Section        4  errno.o(.data)
    _errno                                   0x20000138   Data           4  errno.o(.data)
    .bss                                     0x2000013c   Section       14  lcd.o(.bss)
    .bss                                     0x2000014a   Section      260  main.o(.bss)
    .bss                                     0x20000250   Section       80  fsmc.o(.bss)
    .bss                                     0x200002a0   Section       32  rtc.o(.bss)
    .bss                                     0x200002c0   Section       60  tim.o(.bss)
    .bss                                     0x200002fc   Section       64  usart.o(.bss)
    STACK                                    0x20000340   Section     1024  startup_stm32f407xx.o(STACK)

    Global Symbols

    Symbol Name                              Value     Ov Type        Size  Object(Section)

    BuildAttributes$$THM_ISAv4$E$P$D$K$B$S$7EM$VFPi3$EXTD16$VFPS$VFMA$PE$A:L22UL41UL21$X:L11$S22US41US21$IEEE1$IW$USESV6$~STKCKD$USESV7$~SHL$OTIME$ROPI$IEEEJ$EBA8$MICROLIB$REQ8$PRES8$EABIv2 0x00000000   Number         0  anon$$obj.o ABSOLUTE
    __ARM_use_no_argv                        0x00000000   Number         0  main.o ABSOLUTE
    _printf_a                                0x00000000   Number         0  stubs.o ABSOLUTE
    _printf_c                                0x00000000   Number         0  stubs.o ABSOLUTE
    _printf_charcount                        0x00000000   Number         0  stubs.o ABSOLUTE
    _printf_d                                0x00000000   Number         0  stubs.o ABSOLUTE
    _printf_e                                0x00000000   Number         0  stubs.o ABSOLUTE
    _printf_f                                0x00000000   Number         0  stubs.o ABSOLUTE
    _printf_flags                            0x00000000   Number         0  stubs.o ABSOLUTE
    _printf_fp_dec                           0x00000000   Number         0  stubs.o ABSOLUTE
    _printf_fp_hex                           0x00000000   Number         0  stubs.o ABSOLUTE
    _printf_g                                0x00000000   Number         0  stubs.o ABSOLUTE
    _printf_i                                0x00000000   Number         0  stubs.o ABSOLUTE
    _printf_int_dec                          0x00000000   Number         0  stubs.o ABSOLUTE
    _printf_l                                0x00000000   Number         0  stubs.o ABSOLUTE
    _printf_lc                               0x00000000   Number         0  stubs.o ABSOLUTE
    _printf_ll                               0x00000000   Number         0  stubs.o ABSOLUTE
    _printf_lld                              0x00000000   Number         0  stubs.o ABSOLUTE
    _printf_lli                              0x00000000   Number         0  stubs.o ABSOLUTE
    _printf_llo                              0x00000000   Number         0  stubs.o ABSOLUTE
    _printf_llu                              0x00000000   Number         0  stubs.o ABSOLUTE
    _printf_llx                              0x00000000   Number         0  stubs.o ABSOLUTE
    _printf_longlong_dec                     0x00000000   Number         0  stubs.o ABSOLUTE
    _printf_longlong_hex                     0x00000000   Number         0  stubs.o ABSOLUTE
    _printf_longlong_oct                     0x00000000   Number         0  stubs.o ABSOLUTE
    _printf_ls                               0x00000000   Number         0  stubs.o ABSOLUTE
    _printf_mbtowc                           0x00000000   Number         0  stubs.o ABSOLUTE
    _printf_n                                0x00000000   Number         0  stubs.o ABSOLUTE
    _printf_o                                0x00000000   Number         0  stubs.o ABSOLUTE
    _printf_p                                0x00000000   Number         0  stubs.o ABSOLUTE
    _printf_percent                          0x00000000   Number         0  stubs.o ABSOLUTE
    _printf_pre_padding                      0x00000000   Number         0  stubs.o ABSOLUTE
    _printf_return_value                     0x00000000   Number         0  stubs.o ABSOLUTE
    _printf_s                                0x00000000   Number         0  stubs.o ABSOLUTE
    _printf_sizespec                         0x00000000   Number         0  stubs.o ABSOLUTE
    _printf_str                              0x00000000   Number         0  stubs.o ABSOLUTE
    _printf_truncate_signed                  0x00000000   Number         0  stubs.o ABSOLUTE
    _printf_truncate_unsigned                0x00000000   Number         0  stubs.o ABSOLUTE
    _printf_u                                0x00000000   Number         0  stubs.o ABSOLUTE
    _printf_wc                               0x00000000   Number         0  stubs.o ABSOLUTE
    _printf_wctomb                           0x00000000   Number         0  stubs.o ABSOLUTE
    _printf_widthprec                        0x00000000   Number         0  stubs.o ABSOLUTE
    _printf_x                                0x00000000   Number         0  stubs.o ABSOLUTE
    __cpp_initialize__aeabi_                  - Undefined Weak Reference
    __cxa_finalize                            - Undefined Weak Reference
    _clock_init                               - Undefined Weak Reference
    _microlib_exit                            - Undefined Weak Reference
    _scanf_longlong                           - Undefined Weak Reference
    _scanf_real                               - Undefined Weak Reference
    _scanf_string                             - Undefined Weak Reference
    __Vectors_Size                           0x00000188   Number         0  startup_stm32f407xx.o ABSOLUTE
    __Vectors                                0x08000000   Data           4  startup_stm32f407xx.o(RESET)
    __Vectors_End                            0x08000188   Data           0  startup_stm32f407xx.o(RESET)
    __main                                   0x08000189   Thumb Code     0  entry.o(.ARM.Collect$$$$00000000)
    _main_stk                                0x08000189   Thumb Code     0  entry2.o(.ARM.Collect$$$$00000001)
    _main_scatterload                        0x0800018d   Thumb Code     0  entry5.o(.ARM.Collect$$$$00000004)
    __main_after_scatterload                 0x08000191   Thumb Code     0  entry5.o(.ARM.Collect$$$$00000004)
    _main_clock                              0x08000191   Thumb Code     0  entry7b.o(.ARM.Collect$$$$00000008)
    _main_cpp_init                           0x08000191   Thumb Code     0  entry8b.o(.ARM.Collect$$$$0000000A)
    _main_init                               0x08000191   Thumb Code     0  entry9a.o(.ARM.Collect$$$$0000000B)
    __rt_final_cpp                           0x08000199   Thumb Code     0  entry10a.o(.ARM.Collect$$$$0000000D)
    __rt_final_exit                          0x08000199   Thumb Code     0  entry11a.o(.ARM.Collect$$$$0000000F)
    Reset_Handler                            0x0800019d   Thumb Code     8  startup_stm32f407xx.o(.text)
    ADC_IRQHandler                           0x080001b7   Thumb Code     0  startup_stm32f407xx.o(.text)
    CAN1_RX0_IRQHandler                      0x080001b7   Thumb Code     0  startup_stm32f407xx.o(.text)
    CAN1_RX1_IRQHandler                      0x080001b7   Thumb Code     0  startup_stm32f407xx.o(.text)
    CAN1_SCE_IRQHandler                      0x080001b7   Thumb Code     0  startup_stm32f407xx.o(.text)
    CAN1_TX_IRQHandler                       0x080001b7   Thumb Code     0  startup_stm32f407xx.o(.text)
    CAN2_RX0_IRQHandler                      0x080001b7   Thumb Code     0  startup_stm32f407xx.o(.text)
    CAN2_RX1_IRQHandler                      0x080001b7   Thumb Code     0  startup_stm32f407xx.o(.text)
    CAN2_SCE_IRQHandler                      0x080001b7   Thumb Code     0  startup_stm32f407xx.o(.text)
    CAN2_TX_IRQHandler                       0x080001b7   Thumb Code     0  startup_stm32f407xx.o(.text)
    DCMI_IRQHandler                          0x080001b7   Thumb Code     0  startup_stm32f407xx.o(.text)
    DMA1_Stream0_IRQHandler                  0x080001b7   Thumb Code     0  startup_stm32f407xx.o(.text)
    DMA1_Stream1_IRQHandler                  0x080001b7   Thumb Code     0  startup_stm32f407xx.o(.text)
    DMA1_Stream2_IRQHandler                  0x080001b7   Thumb Code     0  startup_stm32f407xx.o(.text)
    DMA1_Stream3_IRQHandler                  0x080001b7   Thumb Code     0  startup_stm32f407xx.o(.text)
    DMA1_Stream4_IRQHandler                  0x080001b7   Thumb Code     0  startup_stm32f407xx.o(.text)
    DMA1_Stream5_IRQHandler                  0x080001b7   Thumb Code     0  startup_stm32f407xx.o(.text)
    DMA1_Stream6_IRQHandler                  0x080001b7   Thumb Code     0  startup_stm32f407xx.o(.text)
    DMA1_Stream7_IRQHandler                  0x080001b7   Thumb Code     0  startup_stm32f407xx.o(.text)
    DMA2_Stream0_IRQHandler                  0x080001b7   Thumb Code     0  startup_stm32f407xx.o(.text)
    DMA2_Stream1_IRQHandler                  0x080001b7   Thumb Code     0  startup_stm32f407xx.o(.text)
    DMA2_Stream2_IRQHandler                  0x080001b7   Thumb Code     0  startup_stm32f407xx.o(.text)
    DMA2_Stream3_IRQHandler                  0x080001b7   Thumb Code     0  startup_stm32f407xx.o(.text)
    DMA2_Stream4_IRQHandler                  0x080001b7   Thumb Code     0  startup_stm32f407xx.o(.text)
    DMA2_Stream5_IRQHandler                  0x080001b7   Thumb Code     0  startup_stm32f407xx.o(.text)
    DMA2_Stream6_IRQHandler                  0x080001b7   Thumb Code     0  startup_stm32f407xx.o(.text)
    DMA2_Stream7_IRQHandler                  0x080001b7   Thumb Code     0  startup_stm32f407xx.o(.text)
    ETH_IRQHandler                           0x080001b7   Thumb Code     0  startup_stm32f407xx.o(.text)
    ETH_WKUP_IRQHandler                      0x080001b7   Thumb Code     0  startup_stm32f407xx.o(.text)
    EXTI1_IRQHandler                         0x080001b7   Thumb Code     0  startup_stm32f407xx.o(.text)
    EXTI2_IRQHandler                         0x080001b7   Thumb Code     0  startup_stm32f407xx.o(.text)
    EXTI3_IRQHandler                         0x080001b7   Thumb Code     0  startup_stm32f407xx.o(.text)
    EXTI4_IRQHandler                         0x080001b7   Thumb Code     0  startup_stm32f407xx.o(.text)
    FLASH_IRQHandler                         0x080001b7   Thumb Code     0  startup_stm32f407xx.o(.text)
    FMC_IRQHandler                           0x080001b7   Thumb Code     0  startup_stm32f407xx.o(.text)
    FPU_IRQHandler                           0x080001b7   Thumb Code     0  startup_stm32f407xx.o(.text)
    HASH_RNG_IRQHandler                      0x080001b7   Thumb Code     0  startup_stm32f407xx.o(.text)
    I2C1_ER_IRQHandler                       0x080001b7   Thumb Code     0  startup_stm32f407xx.o(.text)
    I2C1_EV_IRQHandler                       0x080001b7   Thumb Code     0  startup_stm32f407xx.o(.text)
    I2C2_ER_IRQHandler                       0x080001b7   Thumb Code     0  startup_stm32f407xx.o(.text)
    I2C2_EV_IRQHandler                       0x080001b7   Thumb Code     0  startup_stm32f407xx.o(.text)
    I2C3_ER_IRQHandler                       0x080001b7   Thumb Code     0  startup_stm32f407xx.o(.text)
    I2C3_EV_IRQHandler                       0x080001b7   Thumb Code     0  startup_stm32f407xx.o(.text)
    OTG_FS_IRQHandler                        0x080001b7   Thumb Code     0  startup_stm32f407xx.o(.text)
    OTG_FS_WKUP_IRQHandler                   0x080001b7   Thumb Code     0  startup_stm32f407xx.o(.text)
    OTG_HS_EP1_IN_IRQHandler                 0x080001b7   Thumb Code     0  startup_stm32f407xx.o(.text)
    OTG_HS_EP1_OUT_IRQHandler                0x080001b7   Thumb Code     0  startup_stm32f407xx.o(.text)
    OTG_HS_IRQHandler                        0x080001b7   Thumb Code     0  startup_stm32f407xx.o(.text)
    OTG_HS_WKUP_IRQHandler                   0x080001b7   Thumb Code     0  startup_stm32f407xx.o(.text)
    PVD_IRQHandler                           0x080001b7   Thumb Code     0  startup_stm32f407xx.o(.text)
    RCC_IRQHandler                           0x080001b7   Thumb Code     0  startup_stm32f407xx.o(.text)
    RTC_Alarm_IRQHandler                     0x080001b7   Thumb Code     0  startup_stm32f407xx.o(.text)
    RTC_WKUP_IRQHandler                      0x080001b7   Thumb Code     0  startup_stm32f407xx.o(.text)
    SDIO_IRQHandler                          0x080001b7   Thumb Code     0  startup_stm32f407xx.o(.text)
    SPI1_IRQHandler                          0x080001b7   Thumb Code     0  startup_stm32f407xx.o(.text)
    SPI2_IRQHandler                          0x080001b7   Thumb Code     0  startup_stm32f407xx.o(.text)
    SPI3_IRQHandler                          0x080001b7   Thumb Code     0  startup_stm32f407xx.o(.text)
    TAMP_STAMP_IRQHandler                    0x080001b7   Thumb Code     0  startup_stm32f407xx.o(.text)
    TIM1_BRK_TIM9_IRQHandler                 0x080001b7   Thumb Code     0  startup_stm32f407xx.o(.text)
    TIM1_CC_IRQHandler                       0x080001b7   Thumb Code     0  startup_stm32f407xx.o(.text)
    TIM1_TRG_COM_TIM11_IRQHandler            0x080001b7   Thumb Code     0  startup_stm32f407xx.o(.text)
    TIM1_UP_TIM10_IRQHandler                 0x080001b7   Thumb Code     0  startup_stm32f407xx.o(.text)
    TIM3_IRQHandler                          0x080001b7   Thumb Code     0  startup_stm32f407xx.o(.text)
    TIM4_IRQHandler                          0x080001b7   Thumb Code     0  startup_stm32f407xx.o(.text)
    TIM5_IRQHandler                          0x080001b7   Thumb Code     0  startup_stm32f407xx.o(.text)
    TIM6_DAC_IRQHandler                      0x080001b7   Thumb Code     0  startup_stm32f407xx.o(.text)
    TIM7_IRQHandler                          0x080001b7   Thumb Code     0  startup_stm32f407xx.o(.text)
    TIM8_BRK_TIM12_IRQHandler                0x080001b7   Thumb Code     0  startup_stm32f407xx.o(.text)
    TIM8_CC_IRQHandler                       0x080001b7   Thumb Code     0  startup_stm32f407xx.o(.text)
    TIM8_TRG_COM_TIM14_IRQHandler            0x080001b7   Thumb Code     0  startup_stm32f407xx.o(.text)
    TIM8_UP_TIM13_IRQHandler                 0x080001b7   Thumb Code     0  startup_stm32f407xx.o(.text)
    UART4_IRQHandler                         0x080001b7   Thumb Code     0  startup_stm32f407xx.o(.text)
    UART5_IRQHandler                         0x080001b7   Thumb Code     0  startup_stm32f407xx.o(.text)
    USART2_IRQHandler                        0x080001b7   Thumb Code     0  startup_stm32f407xx.o(.text)
    USART3_IRQHandler                        0x080001b7   Thumb Code     0  startup_stm32f407xx.o(.text)
    USART6_IRQHandler                        0x080001b7   Thumb Code     0  startup_stm32f407xx.o(.text)
    WWDG_IRQHandler                          0x080001b7   Thumb Code     0  startup_stm32f407xx.o(.text)
    AT24CXX_Init                             0x080001c1   Thumb Code     4  24cxx.o(.text)
    AT24CXX_ReadOneByte                      0x080001c5   Thumb Code    66  24cxx.o(.text)
    AT24CXX_WriteOneByte                     0x08000207   Thumb Code    62  24cxx.o(.text)
    AT24CXX_WriteLenByte                     0x08000245   Thumb Code    42  24cxx.o(.text)
    AT24CXX_ReadLenByte                      0x0800026f   Thumb Code    40  24cxx.o(.text)
    AT24CXX_Check                            0x08000297   Thumb Code    38  24cxx.o(.text)
    AT24CXX_Read                             0x080002bd   Thumb Code    34  24cxx.o(.text)
    AT24CXX_Write                            0x080002df   Thumb Code    32  24cxx.o(.text)
    delay_init                               0x08000301   Thumb Code    16  delay.o(.text)
    delay_us                                 0x08000311   Thumb Code    48  delay.o(.text)
    delay_xms                                0x08000341   Thumb Code    46  delay.o(.text)
    delay_ms                                 0x0800036f   Thumb Code    26  delay.o(.text)
    IIC_Init                                 0x0800038d   Thumb Code    72  myiic.o(.text)
    IIC_Start                                0x080003d5   Thumb Code    56  myiic.o(.text)
    IIC_Stop                                 0x0800040d   Thumb Code    58  myiic.o(.text)
    IIC_Wait_Ack                             0x08000447   Thumb Code    74  myiic.o(.text)
    IIC_Ack                                  0x08000491   Thumb Code    56  myiic.o(.text)
    IIC_NAck                                 0x080004c9   Thumb Code    56  myiic.o(.text)
    IIC_Send_Byte                            0x08000501   Thumb Code    86  myiic.o(.text)
    IIC_Read_Byte                            0x08000557   Thumb Code    96  myiic.o(.text)
    LCD_WR_REG                               0x080005c5   Thumb Code    14  lcd.o(.text)
    LCD_WR_DATA                              0x080005d3   Thumb Code    14  lcd.o(.text)
    LCD_RD_DATA                              0x080005e1   Thumb Code     8  lcd.o(.text)
    LCD_WriteReg                             0x080005e9   Thumb Code    10  lcd.o(.text)
    LCD_ReadReg                              0x080005f3   Thumb Code    20  lcd.o(.text)
    LCD_WriteRAM_Prepare                     0x08000607   Thumb Code    12  lcd.o(.text)
    LCD_WriteRAM                             0x08000613   Thumb Code     8  lcd.o(.text)
    LCD_BGR2RGB                              0x0800061b   Thumb Code    18  lcd.o(.text)
    opt_delay                                0x0800062d   Thumb Code     8  lcd.o(.text)
    LCD_SetCursor                            0x08000635   Thumb Code    66  lcd.o(.text)
    LCD_ReadPoint                            0x08000677   Thumb Code   234  lcd.o(.text)
    LCD_DisplayOn                            0x08000761   Thumb Code    62  lcd.o(.text)
    LCD_DisplayOff                           0x0800079f   Thumb Code    60  lcd.o(.text)
    LCD_Scan_Dir                             0x080007db   Thumb Code   382  lcd.o(.text)
    LCD_DrawPoint                            0x08000959   Thumb Code    22  lcd.o(.text)
    LCD_Fast_DrawPoint                       0x0800096f   Thumb Code   272  lcd.o(.text)
    LCD_SSD_BackLightSet                     0x08000a7f   Thumb Code    70  lcd.o(.text)
    LCD_Display_Dir                          0x08000ac5   Thumb Code    48  lcd.o(.text)
    LCD_Set_Window                           0x08000af5   Thumb Code   142  lcd.o(.text)
    LCD_Clear                                0x08000b83   Thumb Code    42  lcd.o(.text)
    LCD_Init                                 0x08000bad   Thumb Code  4072  lcd.o(.text)
    LCD_Fill                                 0x08001b95   Thumb Code    66  lcd.o(.text)
    LCD_Color_Fill                           0x08001bd7   Thumb Code    84  lcd.o(.text)
    LCD_DrawLine                             0x08001c2b   Thumb Code   146  lcd.o(.text)
    LCD_DrawRectangle                        0x08001cbd   Thumb Code    54  lcd.o(.text)
    LCD_Draw_Circle                          0x08001cf3   Thumb Code   178  lcd.o(.text)
    LCD_ShowChar                             0x08001da5   Thumb Code   182  lcd.o(.text)
    LCD_Pow                                  0x08001e5b   Thumb Code    16  lcd.o(.text)
    LCD_ShowNum                              0x08001e6b   Thumb Code   118  lcd.o(.text)
    LCD_ShowxNum                             0x08001ee1   Thumb Code   130  lcd.o(.text)
    LCD_ShowString                           0x08001f63   Thumb Code    82  lcd.o(.text)
    LCD_DrawPoint_pic                        0x08001fb5   Thumb Code    20  lcd.o(.text)
    LCD_DrawPicture                          0x08001fc9   Thumb Code    84  lcd.o(.text)
    CT_Delay                                 0x08002031   Thumb Code     6  ctiic.o(.text)
    CT_IIC_Init                              0x08002037   Thumb Code   106  ctiic.o(.text)
    CT_SDA_IN                                0x080020a1   Thumb Code    28  ctiic.o(.text)
    CT_SDA_OUT                               0x080020bd   Thumb Code    28  ctiic.o(.text)
    CT_IIC_Start                             0x080020d9   Thumb Code    66  ctiic.o(.text)
    CT_IIC_Stop                              0x0800211b   Thumb Code    66  ctiic.o(.text)
    CT_IIC_Wait_Ack                          0x0800215d   Thumb Code    88  ctiic.o(.text)
    CT_IIC_Ack                               0x080021b5   Thumb Code    82  ctiic.o(.text)
    CT_IIC_NAck                              0x08002207   Thumb Code    70  ctiic.o(.text)
    CT_IIC_Send_Byte                         0x0800224d   Thumb Code   104  ctiic.o(.text)
    CT_IIC_Read_Byte                         0x080022b5   Thumb Code    94  ctiic.o(.text)
    GT9147_WR_Reg                            0x08002321   Thumb Code    82  gt9147.o(.text)
    GT9147_Send_Cfg                          0x08002373   Thumb Code    72  gt9147.o(.text)
    GT9147_RD_Reg                            0x080023bb   Thumb Code    96  gt9147.o(.text)
    GT9147_Init                              0x0800241b   Thumb Code   260  gt9147.o(.text)
    GT9147_Scan                              0x0800251f   Thumb Code   364  gt9147.o(.text)
    TP_Write_Byte                            0x080026d1   Thumb Code    62  touch.o(.text)
    TP_Read_AD                               0x0800270f   Thumb Code   124  touch.o(.text)
    TP_Read_XOY                              0x0800278b   Thumb Code    96  touch.o(.text)
    TP_Read_XY                               0x080027eb   Thumb Code    34  touch.o(.text)
    TP_Read_XY2                              0x0800280d   Thumb Code   124  touch.o(.text)
    TP_Drow_Touch_Point                      0x08002889   Thumb Code   106  touch.o(.text)
    TP_Draw_Big_Point                        0x080028f3   Thumb Code    48  touch.o(.text)
    TP_Scan                                  0x08002923   Thumb Code   190  touch.o(.text)
    TP_Save_Adjdata                          0x080029e1   Thumb Code   112  touch.o(.text)
    TP_Get_Adjdata                           0x08002a51   Thumb Code   156  touch.o(.text)
    TP_Adj_Info_Show                         0x08002aed   Thumb Code   326  touch.o(.text)
    TP_Adjust                                0x08002c33   Thumb Code  1374  touch.o(.text)
    TP_Init                                  0x08003191   Thumb Code    52  touch.o(.text)
    Load_Drow_Dialog                         0x08003201   Thumb Code    44  main.o(.text)
    gui_draw_hline                           0x0800322d   Thumb Code    22  main.o(.text)
    gui_fill_circle                          0x08003243   Thumb Code   182  main.o(.text)
    my_abs                                   0x080032f9   Thumb Code    14  main.o(.text)
    lcd_draw_bline                           0x08003307   Thumb Code   172  main.o(.text)
    ctp_test                                 0x080033b3   Thumb Code   164  main.o(.text)
    _Error_Handler                           0x08003457   Thumb Code     2  main.o(.text)
    SystemClock_Config                       0x08003459   Thumb Code   176  main.o(.text)
    main                                     0x08003509   Thumb Code  1026  main.o(.text)
    HAL_UART_RxCpltCallback                  0x0800390b   Thumb Code   338  main.o(.text)
    fputc                                    0x08003a5d   Thumb Code   252  main.o(.text)
    HAL_GPIO_EXTI_Callback                   0x08003b59   Thumb Code  1184  main.o(.text)
    HAL_SYSTICK_Callback                     0x08003ff9   Thumb Code   254  main.o(.text)
    HAL_TIM_PeriodElapsedCallback            0x080040f7   Thumb Code   108  main.o(.text)
    MX_GPIO_Init                             0x080041b5   Thumb Code   322  gpio.o(.text)
    MX_FSMC_Init                             0x08004315   Thumb Code    98  fsmc.o(.text)
    HAL_SRAM_MspInit                         0x08004377   Thumb Code     4  fsmc.o(.text)
    HAL_SRAM_MspDeInit                       0x0800437b   Thumb Code    68  fsmc.o(.text)
    MX_RTC_Init                              0x08004471   Thumb Code   214  rtc.o(.text)
    HAL_RTC_MspInit                          0x08004547   Thumb Code    16  rtc.o(.text)
    HAL_RTC_MspDeInit                        0x08004557   Thumb Code    16  rtc.o(.text)
    MX_TIM2_Init                             0x08004585   Thumb Code    94  tim.o(.text)
    HAL_TIM_Base_MspInit                     0x080045e3   Thumb Code    50  tim.o(.text)
    HAL_TIM_Base_MspDeInit                   0x08004615   Thumb Code    26  tim.o(.text)
    MX_USART1_UART_Init                      0x08004649   Thumb Code    52  usart.o(.text)
    HAL_UART_MspInit                         0x0800467d   Thumb Code    80  usart.o(.text)
    HAL_UART_MspDeInit                       0x080046cd   Thumb Code    42  usart.o(.text)
    NMI_Handler                              0x08004719   Thumb Code     2  stm32f4xx_it.o(.text)
    HardFault_Handler                        0x0800471b   Thumb Code     2  stm32f4xx_it.o(.text)
    MemManage_Handler                        0x0800471d   Thumb Code     2  stm32f4xx_it.o(.text)
    BusFault_Handler                         0x0800471f   Thumb Code     2  stm32f4xx_it.o(.text)
    UsageFault_Handler                       0x08004721   Thumb Code     2  stm32f4xx_it.o(.text)
    SVC_Handler                              0x08004723   Thumb Code     2  stm32f4xx_it.o(.text)
    DebugMon_Handler                         0x08004725   Thumb Code     2  stm32f4xx_it.o(.text)
    PendSV_Handler                           0x08004727   Thumb Code     2  stm32f4xx_it.o(.text)
    SysTick_Handler                          0x08004729   Thumb Code    18  stm32f4xx_it.o(.text)
    EXTI0_IRQHandler                         0x0800473b   Thumb Code     6  stm32f4xx_it.o(.text)
    EXTI9_5_IRQHandler                       0x08004741   Thumb Code     8  stm32f4xx_it.o(.text)
    TIM2_IRQHandler                          0x08004749   Thumb Code     6  stm32f4xx_it.o(.text)
    USART1_IRQHandler                        0x0800474f   Thumb Code     6  stm32f4xx_it.o(.text)
    EXTI15_10_IRQHandler                     0x08004755   Thumb Code    22  stm32f4xx_it.o(.text)
    HAL_MspInit                              0x08004775   Thumb Code    88  stm32f4xx_hal_msp.o(.text)
    FSMC_NORSRAM_Init                        0x080047cd   Thumb Code    88  stm32f4xx_ll_fsmc.o(.text)
    FSMC_NORSRAM_DeInit                      0x08004825   Thumb Code    52  stm32f4xx_ll_fsmc.o(.text)
    FSMC_NORSRAM_Timing_Init                 0x08004859   Thumb Code    70  stm32f4xx_ll_fsmc.o(.text)
    FSMC_NORSRAM_Extended_Timing_Init        0x0800489f   Thumb Code    72  stm32f4xx_ll_fsmc.o(.text)
    FSMC_NORSRAM_WriteOperation_Enable       0x080048e7   Thumb Code    16  stm32f4xx_ll_fsmc.o(.text)
    FSMC_NORSRAM_WriteOperation_Disable      0x080048f7   Thumb Code    16  stm32f4xx_ll_fsmc.o(.text)
    FSMC_NAND_Init                           0x08004907   Thumb Code    82  stm32f4xx_ll_fsmc.o(.text)
    FSMC_NAND_CommonSpace_Timing_Init        0x08004959   Thumb Code    48  stm32f4xx_ll_fsmc.o(.text)
    FSMC_NAND_AttributeSpace_Timing_Init     0x08004989   Thumb Code    48  stm32f4xx_ll_fsmc.o(.text)
    FSMC_NAND_DeInit                         0x080049b9   Thumb Code    62  stm32f4xx_ll_fsmc.o(.text)
    FSMC_NAND_ECC_Enable                     0x080049f7   Thumb Code    26  stm32f4xx_ll_fsmc.o(.text)
    FSMC_NAND_ECC_Disable                    0x08004a11   Thumb Code    26  stm32f4xx_ll_fsmc.o(.text)
    FSMC_NAND_GetECC                         0x08004a2b   Thumb Code   110  stm32f4xx_ll_fsmc.o(.text)
    FSMC_PCCARD_Init                         0x08004a99   Thumb Code    38  stm32f4xx_ll_fsmc.o(.text)
    FSMC_PCCARD_CommonSpace_Timing_Init      0x08004abf   Thumb Code    28  stm32f4xx_ll_fsmc.o(.text)
    FSMC_PCCARD_AttributeSpace_Timing_Init   0x08004adb   Thumb Code    28  stm32f4xx_ll_fsmc.o(.text)
    FSMC_PCCARD_IOSpace_Timing_Init          0x08004af7   Thumb Code    28  stm32f4xx_ll_fsmc.o(.text)
    FSMC_PCCARD_DeInit                       0x08004b13   Thumb Code    30  stm32f4xx_ll_fsmc.o(.text)
    HAL_RCC_OscConfig                        0x08004b41   Thumb Code  1078  stm32f4xx_hal_rcc.o(.text)
    HAL_RCC_GetSysClockFreq                  0x08004f77   Thumb Code    94  stm32f4xx_hal_rcc.o(.text)
    HAL_RCC_ClockConfig                      0x08004fd5   Thumb Code   352  stm32f4xx_hal_rcc.o(.text)
    HAL_RCC_MCOConfig                        0x08005135   Thumb Code   142  stm32f4xx_hal_rcc.o(.text)
    HAL_RCC_EnableCSS                        0x080051c3   Thumb Code     8  stm32f4xx_hal_rcc.o(.text)
    HAL_RCC_DisableCSS                       0x080051cb   Thumb Code     8  stm32f4xx_hal_rcc.o(.text)
    HAL_RCC_GetHCLKFreq                      0x080051d3   Thumb Code     6  stm32f4xx_hal_rcc.o(.text)
    HAL_RCC_GetPCLK1Freq                     0x080051d9   Thumb Code    22  stm32f4xx_hal_rcc.o(.text)
    HAL_RCC_GetPCLK2Freq                     0x080051ef   Thumb Code    22  stm32f4xx_hal_rcc.o(.text)
    HAL_RCC_GetOscConfig                     0x08005205   Thumb Code   204  stm32f4xx_hal_rcc.o(.text)
    HAL_RCC_GetClockConfig                   0x080052d1   Thumb Code    52  stm32f4xx_hal_rcc.o(.text)
    HAL_RCC_CSSCallback                      0x08005305   Thumb Code     2  stm32f4xx_hal_rcc.o(.text)
    HAL_RCC_NMI_IRQHandler                   0x08005307   Thumb Code    24  stm32f4xx_hal_rcc.o(.text)
    HAL_RCCEx_PeriphCLKConfig                0x08005365   Thumb Code   346  stm32f4xx_hal_rcc_ex.o(.text)
    HAL_RCCEx_GetPeriphCLKConfig             0x080054bf   Thumb Code    44  stm32f4xx_hal_rcc_ex.o(.text)
    HAL_RCCEx_GetPeriphCLKFreq               0x080054eb   Thumb Code    84  stm32f4xx_hal_rcc_ex.o(.text)
    HAL_RCCEx_EnablePLLI2S                   0x0800553f   Thumb Code   114  stm32f4xx_hal_rcc_ex.o(.text)
    HAL_RCCEx_DisablePLLI2S                  0x080055b1   Thumb Code    50  stm32f4xx_hal_rcc_ex.o(.text)
    HAL_RCC_DeInit                           0x080055e3   Thumb Code   336  stm32f4xx_hal_rcc_ex.o(.text)
    HAL_GPIO_Init                            0x08005779   Thumb Code   518  stm32f4xx_hal_gpio.o(.text)
    HAL_GPIO_DeInit                          0x0800597f   Thumb Code   346  stm32f4xx_hal_gpio.o(.text)
    HAL_GPIO_ReadPin                         0x08005ad9   Thumb Code    14  stm32f4xx_hal_gpio.o(.text)
    HAL_GPIO_WritePin                        0x08005ae7   Thumb Code    14  stm32f4xx_hal_gpio.o(.text)
    HAL_GPIO_TogglePin                       0x08005af5   Thumb Code     8  stm32f4xx_hal_gpio.o(.text)
    HAL_GPIO_LockPin                         0x08005afd   Thumb Code    42  stm32f4xx_hal_gpio.o(.text)
    HAL_GPIO_EXTI_IRQHandler                 0x08005b29   Thumb Code    18  stm32f4xx_hal_gpio.o(.text)
    HAL_DMA_Init                             0x08005bff   Thumb Code   230  stm32f4xx_hal_dma.o(.text)
    HAL_DMA_DeInit                           0x08005ce5   Thumb Code    94  stm32f4xx_hal_dma.o(.text)
    HAL_DMA_Start                            0x08005d7b   Thumb Code    74  stm32f4xx_hal_dma.o(.text)
    HAL_DMA_Start_IT                         0x08005dc5   Thumb Code   122  stm32f4xx_hal_dma.o(.text)
    HAL_DMA_Abort                            0x08005e3f   Thumb Code   162  stm32f4xx_hal_dma.o(.text)
    HAL_DMA_Abort_IT                         0x08005ee1   Thumb Code    36  stm32f4xx_hal_dma.o(.text)
    HAL_DMA_PollForTransfer                  0x08005f05   Thumb Code   316  stm32f4xx_hal_dma.o(.text)
    HAL_DMA_IRQHandler                       0x08006041   Thumb Code   488  stm32f4xx_hal_dma.o(.text)
    HAL_DMA_RegisterCallback                 0x08006229   Thumb Code    84  stm32f4xx_hal_dma.o(.text)
    HAL_DMA_UnRegisterCallback               0x0800627d   Thumb Code   100  stm32f4xx_hal_dma.o(.text)
    HAL_DMA_GetState                         0x080062e1   Thumb Code     6  stm32f4xx_hal_dma.o(.text)
    HAL_DMA_GetError                         0x080062e7   Thumb Code     4  stm32f4xx_hal_dma.o(.text)
    HAL_NVIC_SetPriorityGrouping             0x080062f1   Thumb Code    30  stm32f4xx_hal_cortex.o(.text)
    HAL_NVIC_SetPriority                     0x0800630f   Thumb Code    98  stm32f4xx_hal_cortex.o(.text)
    HAL_NVIC_EnableIRQ                       0x08006371   Thumb Code    24  stm32f4xx_hal_cortex.o(.text)
    HAL_NVIC_DisableIRQ                      0x08006389   Thumb Code    24  stm32f4xx_hal_cortex.o(.text)
    HAL_NVIC_SystemReset                     0x080063a1   Thumb Code    26  stm32f4xx_hal_cortex.o(.text)
    HAL_SYSTICK_Config                       0x080063bb   Thumb Code    36  stm32f4xx_hal_cortex.o(.text)
    HAL_MPU_Disable                          0x080063df   Thumb Code    22  stm32f4xx_hal_cortex.o(.text)
    HAL_MPU_Enable                           0x080063f5   Thumb Code    28  stm32f4xx_hal_cortex.o(.text)
    HAL_MPU_ConfigRegion                     0x08006411   Thumb Code    82  stm32f4xx_hal_cortex.o(.text)
    HAL_NVIC_GetPriorityGrouping             0x08006463   Thumb Code    10  stm32f4xx_hal_cortex.o(.text)
    HAL_NVIC_GetPriority                     0x0800646d   Thumb Code    94  stm32f4xx_hal_cortex.o(.text)
    HAL_NVIC_SetPendingIRQ                   0x080064cb   Thumb Code    24  stm32f4xx_hal_cortex.o(.text)
    HAL_NVIC_GetPendingIRQ                   0x080064e3   Thumb Code    34  stm32f4xx_hal_cortex.o(.text)
    HAL_NVIC_ClearPendingIRQ                 0x08006505   Thumb Code    24  stm32f4xx_hal_cortex.o(.text)
    HAL_NVIC_GetActive                       0x0800651d   Thumb Code    34  stm32f4xx_hal_cortex.o(.text)
    HAL_SYSTICK_CLKSourceConfig              0x0800653f   Thumb Code    28  stm32f4xx_hal_cortex.o(.text)
    HAL_SYSTICK_IRQHandler                   0x0800655d   Thumb Code     8  stm32f4xx_hal_cortex.o(.text)
    HAL_InitTick                             0x0800657f   Thumb Code    58  stm32f4xx_hal.o(.text)
    HAL_Init                                 0x080065b9   Thumb Code    48  stm32f4xx_hal.o(.text)
    HAL_MspDeInit                            0x080065e9   Thumb Code     2  stm32f4xx_hal.o(.text)
    HAL_DeInit                               0x080065eb   Thumb Code    46  stm32f4xx_hal.o(.text)
    HAL_IncTick                              0x08006619   Thumb Code    12  stm32f4xx_hal.o(.text)
    HAL_GetTick                              0x08006625   Thumb Code     6  stm32f4xx_hal.o(.text)
    HAL_GetTickPrio                          0x0800662b   Thumb Code     6  stm32f4xx_hal.o(.text)
    HAL_SetTickFreq                          0x08006631   Thumb Code    26  stm32f4xx_hal.o(.text)
    HAL_GetTickFreq                          0x0800664b   Thumb Code     6  stm32f4xx_hal.o(.text)
    HAL_Delay                                0x08006651   Thumb Code    34  stm32f4xx_hal.o(.text)
    HAL_SuspendTick                          0x08006673   Thumb Code    14  stm32f4xx_hal.o(.text)
    HAL_ResumeTick                           0x08006681   Thumb Code    14  stm32f4xx_hal.o(.text)
    HAL_GetHalVersion                        0x0800668f   Thumb Code     4  stm32f4xx_hal.o(.text)
    HAL_GetREVID                             0x08006693   Thumb Code     8  stm32f4xx_hal.o(.text)
    HAL_GetDEVID                             0x0800669b   Thumb Code    10  stm32f4xx_hal.o(.text)
    HAL_DBGMCU_EnableDBGSleepMode            0x080066a5   Thumb Code    12  stm32f4xx_hal.o(.text)
    HAL_DBGMCU_DisableDBGSleepMode           0x080066b1   Thumb Code    12  stm32f4xx_hal.o(.text)
    HAL_DBGMCU_EnableDBGStopMode             0x080066bd   Thumb Code    12  stm32f4xx_hal.o(.text)
    HAL_DBGMCU_DisableDBGStopMode            0x080066c9   Thumb Code    12  stm32f4xx_hal.o(.text)
    HAL_DBGMCU_EnableDBGStandbyMode          0x080066d5   Thumb Code    12  stm32f4xx_hal.o(.text)
    HAL_DBGMCU_DisableDBGStandbyMode         0x080066e1   Thumb Code    12  stm32f4xx_hal.o(.text)
    HAL_EnableCompensationCell               0x080066ed   Thumb Code     8  stm32f4xx_hal.o(.text)
    HAL_DisableCompensationCell              0x080066f5   Thumb Code     8  stm32f4xx_hal.o(.text)
    HAL_GetUID                               0x080066fd   Thumb Code    20  stm32f4xx_hal.o(.text)
    HAL_SRAM_Init                            0x0800673f   Thumb Code    88  stm32f4xx_hal_sram.o(.text)
    HAL_SRAM_DeInit                          0x08006799   Thumb Code    32  stm32f4xx_hal_sram.o(.text)
    HAL_SRAM_DMA_XferCpltCallback            0x080067b9   Thumb Code     2  stm32f4xx_hal_sram.o(.text)
    HAL_SRAM_DMA_XferErrorCallback           0x080067bb   Thumb Code     2  stm32f4xx_hal_sram.o(.text)
    HAL_SRAM_Read_8b                         0x080067bd   Thumb Code    64  stm32f4xx_hal_sram.o(.text)
    HAL_SRAM_Write_8b                        0x080067fd   Thumb Code    80  stm32f4xx_hal_sram.o(.text)
    HAL_SRAM_Read_16b                        0x0800684d   Thumb Code    64  stm32f4xx_hal_sram.o(.text)
    HAL_SRAM_Write_16b                       0x0800688d   Thumb Code    80  stm32f4xx_hal_sram.o(.text)
    HAL_SRAM_Read_32b                        0x080068dd   Thumb Code    64  stm32f4xx_hal_sram.o(.text)
    HAL_SRAM_Write_32b                       0x0800691d   Thumb Code    80  stm32f4xx_hal_sram.o(.text)
    HAL_SRAM_Read_DMA                        0x0800696d   Thumb Code    66  stm32f4xx_hal_sram.o(.text)
    HAL_SRAM_Write_DMA                       0x080069af   Thumb Code    76  stm32f4xx_hal_sram.o(.text)
    HAL_SRAM_WriteOperation_Enable           0x080069fb   Thumb Code    42  stm32f4xx_hal_sram.o(.text)
    HAL_SRAM_WriteOperation_Disable          0x08006a25   Thumb Code    50  stm32f4xx_hal_sram.o(.text)
    HAL_SRAM_GetState                        0x08006a57   Thumb Code     6  stm32f4xx_hal_sram.o(.text)
    HAL_RTC_WaitForSynchro                   0x08006a65   Thumb Code    60  stm32f4xx_hal_rtc.o(.text)
    RTC_EnterInitMode                        0x08006aa1   Thumb Code    66  stm32f4xx_hal_rtc.o(.text)
    HAL_RTC_Init                             0x08006ae5   Thumb Code   186  stm32f4xx_hal_rtc.o(.text)
    HAL_RTC_DeInit                           0x08006ba1   Thumb Code   232  stm32f4xx_hal_rtc.o(.text)
    RTC_Bcd2ToByte                           0x08006c89   Thumb Code    18  stm32f4xx_hal_rtc.o(.text)
    RTC_ByteToBcd2                           0x08006c9b   Thumb Code    24  stm32f4xx_hal_rtc.o(.text)
    HAL_RTC_SetTime                          0x08006cb3   Thumb Code   266  stm32f4xx_hal_rtc.o(.text)
    HAL_RTC_GetTime                          0x08006dbd   Thumb Code    88  stm32f4xx_hal_rtc.o(.text)
    HAL_RTC_SetDate                          0x08006e15   Thumb Code   228  stm32f4xx_hal_rtc.o(.text)
    HAL_RTC_GetDate                          0x08006ef9   Thumb Code    72  stm32f4xx_hal_rtc.o(.text)
    HAL_RTC_SetAlarm                         0x08006f41   Thumb Code   446  stm32f4xx_hal_rtc.o(.text)
    HAL_RTC_SetAlarm_IT                      0x080070ff   Thumb Code   440  stm32f4xx_hal_rtc.o(.text)
    HAL_RTC_DeactivateAlarm                  0x080072b7   Thumb Code   224  stm32f4xx_hal_rtc.o(.text)
    HAL_RTC_GetAlarm                         0x08007397   Thumb Code   142  stm32f4xx_hal_rtc.o(.text)
    HAL_RTC_AlarmAEventCallback              0x08007425   Thumb Code     2  stm32f4xx_hal_rtc.o(.text)
    HAL_RTC_AlarmIRQHandler                  0x08007427   Thumb Code    94  stm32f4xx_hal_rtc.o(.text)
    HAL_RTC_PollForAlarmAEvent               0x08007485   Thumb Code    78  stm32f4xx_hal_rtc.o(.text)
    HAL_RTC_GetState                         0x080074d3   Thumb Code     4  stm32f4xx_hal_rtc.o(.text)
    HAL_RTCEx_SetTimeStamp                   0x080074e9   Thumb Code   102  stm32f4xx_hal_rtc_ex.o(.text)
    HAL_RTCEx_SetTimeStamp_IT                0x0800754f   Thumb Code   152  stm32f4xx_hal_rtc_ex.o(.text)
    HAL_RTCEx_DeactivateTimeStamp            0x080075e7   Thumb Code    70  stm32f4xx_hal_rtc_ex.o(.text)
    HAL_RTCEx_GetTimeStamp                   0x0800762d   Thumb Code   146  stm32f4xx_hal_rtc_ex.o(.text)
    HAL_RTCEx_SetTamper                      0x080076bf   Thumb Code   106  stm32f4xx_hal_rtc_ex.o(.text)
    HAL_RTCEx_SetTamper_IT                   0x08007729   Thumb Code   172  stm32f4xx_hal_rtc_ex.o(.text)
    HAL_RTCEx_DeactivateTamper               0x080077d5   Thumb Code    40  stm32f4xx_hal_rtc_ex.o(.text)
    HAL_RTCEx_Tamper2EventCallback           0x080077fd   Thumb Code     2  stm32f4xx_hal_rtc_ex.o(.text)
    HAL_RTCEx_Tamper1EventCallback           0x080077ff   Thumb Code     2  stm32f4xx_hal_rtc_ex.o(.text)
    HAL_RTCEx_TimeStampEventCallback         0x08007801   Thumb Code     2  stm32f4xx_hal_rtc_ex.o(.text)
    HAL_RTCEx_TamperTimeStampIRQHandler      0x08007803   Thumb Code   132  stm32f4xx_hal_rtc_ex.o(.text)
    HAL_RTCEx_PollForTimeStampEvent          0x08007887   Thumb Code    96  stm32f4xx_hal_rtc_ex.o(.text)
    HAL_RTCEx_PollForTamper1Event            0x080078e7   Thumb Code    78  stm32f4xx_hal_rtc_ex.o(.text)
    HAL_RTCEx_PollForTamper2Event            0x08007935   Thumb Code    78  stm32f4xx_hal_rtc_ex.o(.text)
    HAL_RTCEx_SetWakeUpTimer                 0x08007983   Thumb Code   264  stm32f4xx_hal_rtc_ex.o(.text)
    HAL_RTCEx_SetWakeUpTimer_IT              0x08007a8b   Thumb Code   300  stm32f4xx_hal_rtc_ex.o(.text)
    HAL_RTCEx_DeactivateWakeUpTimer          0x08007bb7   Thumb Code   138  stm32f4xx_hal_rtc_ex.o(.text)
    HAL_RTCEx_GetWakeUpTimer                 0x08007c41   Thumb Code     8  stm32f4xx_hal_rtc_ex.o(.text)
    HAL_RTCEx_WakeUpTimerEventCallback       0x08007c49   Thumb Code     2  stm32f4xx_hal_rtc_ex.o(.text)
    HAL_RTCEx_WakeUpTimerIRQHandler          0x08007c4b   Thumb Code    56  stm32f4xx_hal_rtc_ex.o(.text)
    HAL_RTCEx_PollForWakeUpTimerEvent        0x08007c83   Thumb Code    78  stm32f4xx_hal_rtc_ex.o(.text)
    HAL_RTCEx_BKUPWrite                      0x08007cd1   Thumb Code    12  stm32f4xx_hal_rtc_ex.o(.text)
    HAL_RTCEx_BKUPRead                       0x08007cdd   Thumb Code    12  stm32f4xx_hal_rtc_ex.o(.text)
    HAL_RTCEx_SetCoarseCalib                 0x08007ce9   Thumb Code   112  stm32f4xx_hal_rtc_ex.o(.text)
    HAL_RTCEx_DeactivateCoarseCalib          0x08007d59   Thumb Code    92  stm32f4xx_hal_rtc_ex.o(.text)
    HAL_RTCEx_SetSmoothCalib                 0x08007db5   Thumb Code   144  stm32f4xx_hal_rtc_ex.o(.text)
    HAL_RTCEx_SetSynchroShift                0x08007e45   Thumb Code   186  stm32f4xx_hal_rtc_ex.o(.text)
    HAL_RTCEx_SetCalibrationOutPut           0x08007eff   Thumb Code   106  stm32f4xx_hal_rtc_ex.o(.text)
    HAL_RTCEx_DeactivateCalibrationOutPut    0x08007f69   Thumb Code    56  stm32f4xx_hal_rtc_ex.o(.text)
    HAL_RTCEx_SetRefClock                    0x08007fa1   Thumb Code    92  stm32f4xx_hal_rtc_ex.o(.text)
    HAL_RTCEx_DeactivateRefClock             0x08007ffd   Thumb Code    92  stm32f4xx_hal_rtc_ex.o(.text)
    HAL_RTCEx_EnableBypassShadow             0x08008059   Thumb Code    56  stm32f4xx_hal_rtc_ex.o(.text)
    HAL_RTCEx_DisableBypassShadow            0x08008091   Thumb Code    56  stm32f4xx_hal_rtc_ex.o(.text)
    HAL_RTCEx_AlarmBEventCallback            0x080080c9   Thumb Code     2  stm32f4xx_hal_rtc_ex.o(.text)
    HAL_RTCEx_PollForAlarmBEvent             0x080080cb   Thumb Code    78  stm32f4xx_hal_rtc_ex.o(.text)
    TIM_Base_SetConfig                       0x08008119   Thumb Code   178  stm32f4xx_hal_tim.o(.text)
    HAL_TIM_Base_Init                        0x080081cd   Thumb Code    56  stm32f4xx_hal_tim.o(.text)
    HAL_TIM_Base_DeInit                      0x08008207   Thumb Code    56  stm32f4xx_hal_tim.o(.text)
    HAL_TIM_Base_Start                       0x0800823f   Thumb Code    26  stm32f4xx_hal_tim.o(.text)
    HAL_TIM_Base_Stop                        0x08008259   Thumb Code    44  stm32f4xx_hal_tim.o(.text)
    HAL_TIM_Base_Start_IT                    0x08008285   Thumb Code    24  stm32f4xx_hal_tim.o(.text)
    HAL_TIM_Base_Stop_IT                     0x0800829d   Thumb Code    42  stm32f4xx_hal_tim.o(.text)
    HAL_TIM_ErrorCallback                    0x080082c7   Thumb Code     2  stm32f4xx_hal_tim.o(.text)
    TIM_DMAError                             0x080082c9   Thumb Code    16  stm32f4xx_hal_tim.o(.text)
    HAL_TIM_Base_Start_DMA                   0x080082eb   Thumb Code    94  stm32f4xx_hal_tim.o(.text)
    HAL_TIM_Base_Stop_DMA                    0x08008349   Thumb Code    48  stm32f4xx_hal_tim.o(.text)
    HAL_TIM_OC_MspInit                       0x08008379   Thumb Code     2  stm32f4xx_hal_tim.o(.text)
    HAL_TIM_OC_Init                          0x0800837b   Thumb Code    56  stm32f4xx_hal_tim.o(.text)
    HAL_TIM_OC_MspDeInit                     0x080083b3   Thumb Code     2  stm32f4xx_hal_tim.o(.text)
    HAL_TIM_OC_DeInit                        0x080083b5   Thumb Code    56  stm32f4xx_hal_tim.o(.text)
    TIM_CCxChannelCmd                        0x080083ed   Thumb Code    26  stm32f4xx_hal_tim.o(.text)
    HAL_TIM_OC_Start                         0x08008407   Thumb Code    56  stm32f4xx_hal_tim.o(.text)
    HAL_TIM_OC_Stop                          0x0800843f   Thumb Code    86  stm32f4xx_hal_tim.o(.text)
    HAL_TIM_OC_Start_IT                      0x08008495   Thumb Code   140  stm32f4xx_hal_tim.o(.text)
    HAL_TIM_OC_Stop_IT                       0x08008521   Thumb Code   144  stm32f4xx_hal_tim.o(.text)
    HAL_TIM_PWM_PulseFinishedCallback        0x080085b1   Thumb Code     2  stm32f4xx_hal_tim.o(.text)
    TIM_DMADelayPulseCplt                    0x080085b3   Thumb Code    66  stm32f4xx_hal_tim.o(.text)
    HAL_TIM_OC_Start_DMA                     0x080085f5   Thumb Code   260  stm32f4xx_hal_tim.o(.text)
    HAL_TIM_OC_Stop_DMA                      0x080086f9   Thumb Code   150  stm32f4xx_hal_tim.o(.text)
    HAL_TIM_PWM_MspInit                      0x0800878f   Thumb Code     2  stm32f4xx_hal_tim.o(.text)
    HAL_TIM_PWM_Init                         0x08008791   Thumb Code    56  stm32f4xx_hal_tim.o(.text)
    HAL_TIM_PWM_MspDeInit                    0x080087c9   Thumb Code     2  stm32f4xx_hal_tim.o(.text)
    HAL_TIM_PWM_DeInit                       0x080087cb   Thumb Code    56  stm32f4xx_hal_tim.o(.text)
    HAL_TIM_PWM_Start                        0x08008803   Thumb Code    56  stm32f4xx_hal_tim.o(.text)
    HAL_TIM_PWM_Stop                         0x0800883b   Thumb Code    92  stm32f4xx_hal_tim.o(.text)
    HAL_TIM_PWM_Start_IT                     0x08008897   Thumb Code   114  stm32f4xx_hal_tim.o(.text)
    HAL_TIM_PWM_Stop_IT                      0x08008909   Thumb Code   144  stm32f4xx_hal_tim.o(.text)
    HAL_TIM_PWM_Start_DMA                    0x08008999   Thumb Code   260  stm32f4xx_hal_tim.o(.text)
    HAL_TIM_PWM_Stop_DMA                     0x08008a9d   Thumb Code   150  stm32f4xx_hal_tim.o(.text)
    HAL_TIM_IC_MspInit                       0x08008b33   Thumb Code     2  stm32f4xx_hal_tim.o(.text)
    HAL_TIM_IC_Init                          0x08008b35   Thumb Code    56  stm32f4xx_hal_tim.o(.text)
    HAL_TIM_IC_MspDeInit                     0x08008b6d   Thumb Code     2  stm32f4xx_hal_tim.o(.text)
    HAL_TIM_IC_DeInit                        0x08008b6f   Thumb Code    56  stm32f4xx_hal_tim.o(.text)
    HAL_TIM_IC_Start                         0x08008ba7   Thumb Code    26  stm32f4xx_hal_tim.o(.text)
    HAL_TIM_IC_Stop                          0x08008bc1   Thumb Code    44  stm32f4xx_hal_tim.o(.text)
    HAL_TIM_IC_Start_IT                      0x08008bed   Thumb Code    84  stm32f4xx_hal_tim.o(.text)
    HAL_TIM_IC_Stop_IT                       0x08008c41   Thumb Code   102  stm32f4xx_hal_tim.o(.text)
    HAL_TIM_IC_CaptureCallback               0x08008ca7   Thumb Code     2  stm32f4xx_hal_tim.o(.text)
    TIM_DMACaptureCplt                       0x08008ca9   Thumb Code    66  stm32f4xx_hal_tim.o(.text)
    HAL_TIM_IC_Start_DMA                     0x08008ceb   Thumb Code   224  stm32f4xx_hal_tim.o(.text)
    HAL_TIM_IC_Stop_DMA                      0x08008dcb   Thumb Code   108  stm32f4xx_hal_tim.o(.text)
    HAL_TIM_OnePulse_MspInit                 0x08008e37   Thumb Code     2  stm32f4xx_hal_tim.o(.text)
    HAL_TIM_OnePulse_Init                    0x08008e39   Thumb Code    76  stm32f4xx_hal_tim.o(.text)
    HAL_TIM_OnePulse_MspDeInit               0x08008e85   Thumb Code     2  stm32f4xx_hal_tim.o(.text)
    HAL_TIM_OnePulse_DeInit                  0x08008e87   Thumb Code    56  stm32f4xx_hal_tim.o(.text)
    HAL_TIM_OnePulse_Start                   0x08008ebf   Thumb Code    58  stm32f4xx_hal_tim.o(.text)
    HAL_TIM_OnePulse_Stop                    0x08008ef9   Thumb Code    98  stm32f4xx_hal_tim.o(.text)
    HAL_TIM_OnePulse_Start_IT                0x08008f5b   Thumb Code    78  stm32f4xx_hal_tim.o(.text)
    HAL_TIM_OnePulse_Stop_IT                 0x08008fa9   Thumb Code   118  stm32f4xx_hal_tim.o(.text)
    HAL_TIM_Encoder_MspInit                  0x0800901f   Thumb Code     2  stm32f4xx_hal_tim.o(.text)
    HAL_TIM_Encoder_Init                     0x08009021   Thumb Code   186  stm32f4xx_hal_tim.o(.text)
    HAL_TIM_Encoder_MspDeInit                0x080090db   Thumb Code     2  stm32f4xx_hal_tim.o(.text)
    HAL_TIM_Encoder_DeInit                   0x080090dd   Thumb Code    56  stm32f4xx_hal_tim.o(.text)
    HAL_TIM_Encoder_Start                    0x08009115   Thumb Code    66  stm32f4xx_hal_tim.o(.text)
    HAL_TIM_Encoder_Stop                     0x08009157   Thumb Code    84  stm32f4xx_hal_tim.o(.text)
    HAL_TIM_Encoder_Start_IT                 0x080091ab   Thumb Code   106  stm32f4xx_hal_tim.o(.text)
    HAL_TIM_Encoder_Stop_IT                  0x08009215   Thumb Code   130  stm32f4xx_hal_tim.o(.text)
    HAL_TIM_Encoder_Start_DMA                0x08009297   Thumb Code   286  stm32f4xx_hal_tim.o(.text)
    HAL_TIM_Encoder_Stop_DMA                 0x080093b5   Thumb Code   130  stm32f4xx_hal_tim.o(.text)
    HAL_TIM_TriggerCallback                  0x08009437   Thumb Code     2  stm32f4xx_hal_tim.o(.text)
    HAL_TIM_OC_DelayElapsedCallback          0x08009439   Thumb Code     2  stm32f4xx_hal_tim.o(.text)
    HAL_TIM_IRQHandler                       0x0800943b   Thumb Code   372  stm32f4xx_hal_tim.o(.text)
    TIM_OC2_SetConfig                        0x08009677   Thumb Code   118  stm32f4xx_hal_tim.o(.text)
    HAL_TIM_OC_ConfigChannel                 0x08009755   Thumb Code    86  stm32f4xx_hal_tim.o(.text)
    TIM_TI1_SetConfig                        0x08009867   Thumb Code   146  stm32f4xx_hal_tim.o(.text)
    HAL_TIM_IC_ConfigChannel                 0x080098f9   Thumb Code   190  stm32f4xx_hal_tim.o(.text)
    HAL_TIM_PWM_ConfigChannel                0x080099b7   Thumb Code   220  stm32f4xx_hal_tim.o(.text)
    HAL_TIM_OnePulse_ConfigChannel           0x08009a93   Thumb Code   246  stm32f4xx_hal_tim.o(.text)
    HAL_TIM_DMABurst_WriteStart              0x08009b99   Thumb Code   314  stm32f4xx_hal_tim.o(.text)
    HAL_TIM_DMABurst_WriteStop               0x08009cd3   Thumb Code   120  stm32f4xx_hal_tim.o(.text)
    HAL_TIM_DMABurst_ReadStart               0x08009d4b   Thumb Code   324  stm32f4xx_hal_tim.o(.text)
    HAL_TIM_DMABurst_ReadStop                0x08009e8f   Thumb Code   120  stm32f4xx_hal_tim.o(.text)
    HAL_TIM_GenerateEvent                    0x08009f07   Thumb Code    42  stm32f4xx_hal_tim.o(.text)
    HAL_TIM_ConfigOCrefClear                 0x08009f47   Thumb Code   222  stm32f4xx_hal_tim.o(.text)
    HAL_TIM_ConfigClockSource                0x0800a07f   Thumb Code   272  stm32f4xx_hal_tim.o(.text)
    HAL_TIM_ConfigTI1Input                   0x0800a18f   Thumb Code    16  stm32f4xx_hal_tim.o(.text)
    HAL_TIM_SlaveConfigSynchronization       0x0800a219   Thumb Code    66  stm32f4xx_hal_tim.o(.text)
    HAL_TIM_SlaveConfigSynchronization_IT    0x0800a25b   Thumb Code    66  stm32f4xx_hal_tim.o(.text)
    HAL_TIM_ReadCapturedValue                0x0800a29d   Thumb Code    68  stm32f4xx_hal_tim.o(.text)
    HAL_TIM_Base_GetState                    0x0800a2e1   Thumb Code     6  stm32f4xx_hal_tim.o(.text)
    HAL_TIM_OC_GetState                      0x0800a2e7   Thumb Code     6  stm32f4xx_hal_tim.o(.text)
    HAL_TIM_PWM_GetState                     0x0800a2ed   Thumb Code     6  stm32f4xx_hal_tim.o(.text)
    HAL_TIM_IC_GetState                      0x0800a2f3   Thumb Code     6  stm32f4xx_hal_tim.o(.text)
    HAL_TIM_OnePulse_GetState                0x0800a2f9   Thumb Code     6  stm32f4xx_hal_tim.o(.text)
    HAL_TIM_Encoder_GetState                 0x0800a2ff   Thumb Code     6  stm32f4xx_hal_tim.o(.text)
    HAL_TIMEx_HallSensor_MspInit             0x0800a305   Thumb Code     2  stm32f4xx_hal_tim_ex.o(.text)
    HAL_TIMEx_HallSensor_Init                0x0800a307   Thumb Code   180  stm32f4xx_hal_tim_ex.o(.text)
    HAL_TIMEx_HallSensor_MspDeInit           0x0800a3bb   Thumb Code     2  stm32f4xx_hal_tim_ex.o(.text)
    HAL_TIMEx_HallSensor_DeInit              0x0800a3bd   Thumb Code    56  stm32f4xx_hal_tim_ex.o(.text)
    HAL_TIMEx_HallSensor_Start               0x0800a3f5   Thumb Code    28  stm32f4xx_hal_tim_ex.o(.text)
    HAL_TIMEx_HallSensor_Stop                0x0800a411   Thumb Code    46  stm32f4xx_hal_tim_ex.o(.text)
    HAL_TIMEx_HallSensor_Start_IT            0x0800a43f   Thumb Code    38  stm32f4xx_hal_tim_ex.o(.text)
    HAL_TIMEx_HallSensor_Stop_IT             0x0800a465   Thumb Code    56  stm32f4xx_hal_tim_ex.o(.text)
    HAL_TIMEx_HallSensor_Start_DMA           0x0800a49d   Thumb Code   106  stm32f4xx_hal_tim_ex.o(.text)
    HAL_TIMEx_HallSensor_Stop_DMA            0x0800a507   Thumb Code    56  stm32f4xx_hal_tim_ex.o(.text)
    HAL_TIMEx_OCN_Start                      0x0800a559   Thumb Code    36  stm32f4xx_hal_tim_ex.o(.text)
    HAL_TIMEx_OCN_Stop                       0x0800a57d   Thumb Code    68  stm32f4xx_hal_tim_ex.o(.text)
    HAL_TIMEx_OCN_Start_IT                   0x0800a5c1   Thumb Code   104  stm32f4xx_hal_tim_ex.o(.text)
    HAL_TIMEx_OCN_Stop_IT                    0x0800a629   Thumb Code   142  stm32f4xx_hal_tim_ex.o(.text)
    HAL_TIMEx_OCN_Start_DMA                  0x0800a6b7   Thumb Code   236  stm32f4xx_hal_tim_ex.o(.text)
    HAL_TIMEx_OCN_Stop_DMA                   0x0800a7a3   Thumb Code   132  stm32f4xx_hal_tim_ex.o(.text)
    HAL_TIMEx_PWMN_Start                     0x0800a827   Thumb Code    36  stm32f4xx_hal_tim_ex.o(.text)
    HAL_TIMEx_PWMN_Stop                      0x0800a84b   Thumb Code    68  stm32f4xx_hal_tim_ex.o(.text)
    HAL_TIMEx_PWMN_Start_IT                  0x0800a88f   Thumb Code   116  stm32f4xx_hal_tim_ex.o(.text)
    HAL_TIMEx_PWMN_Stop_IT                   0x0800a903   Thumb Code   142  stm32f4xx_hal_tim_ex.o(.text)
    HAL_TIMEx_PWMN_Start_DMA                 0x0800a991   Thumb Code   236  stm32f4xx_hal_tim_ex.o(.text)
    HAL_TIMEx_PWMN_Stop_DMA                  0x0800aa7d   Thumb Code   132  stm32f4xx_hal_tim_ex.o(.text)
    HAL_TIMEx_OnePulseN_Start                0x0800ab01   Thumb Code    26  stm32f4xx_hal_tim_ex.o(.text)
    HAL_TIMEx_OnePulseN_Stop                 0x0800ab1b   Thumb Code    68  stm32f4xx_hal_tim_ex.o(.text)
    HAL_TIMEx_OnePulseN_Start_IT             0x0800ab5f   Thumb Code    46  stm32f4xx_hal_tim_ex.o(.text)
    HAL_TIMEx_OnePulseN_Stop_IT              0x0800ab8d   Thumb Code    88  stm32f4xx_hal_tim_ex.o(.text)
    HAL_TIMEx_ConfigCommutationEvent         0x0800abe5   Thumb Code    98  stm32f4xx_hal_tim_ex.o(.text)
    HAL_TIMEx_ConfigCommutationEvent_IT      0x0800ac47   Thumb Code   108  stm32f4xx_hal_tim_ex.o(.text)
    HAL_TIMEx_CommutationCallback            0x0800acb3   Thumb Code     2  stm32f4xx_hal_tim_ex.o(.text)
    TIMEx_DMACommutationCplt                 0x0800acb5   Thumb Code    16  stm32f4xx_hal_tim_ex.o(.text)
    HAL_TIMEx_ConfigCommutationEvent_DMA     0x0800acc5   Thumb Code   122  stm32f4xx_hal_tim_ex.o(.text)
    HAL_TIMEx_MasterConfigSynchronization    0x0800ad3f   Thumb Code   110  stm32f4xx_hal_tim_ex.o(.text)
    HAL_TIMEx_ConfigBreakDeadTime            0x0800adad   Thumb Code   108  stm32f4xx_hal_tim_ex.o(.text)
    HAL_TIMEx_RemapConfig                    0x0800ae19   Thumb Code    36  stm32f4xx_hal_tim_ex.o(.text)
    HAL_TIMEx_BreakCallback                  0x0800ae3d   Thumb Code     2  stm32f4xx_hal_tim_ex.o(.text)
    HAL_TIMEx_HallSensor_GetState            0x0800ae3f   Thumb Code     6  stm32f4xx_hal_tim_ex.o(.text)
    HAL_UART_Init                            0x0800b17d   Thumb Code   100  stm32f4xx_hal_uart.o(.text)
    HAL_HalfDuplex_Init                      0x0800b1e1   Thumb Code   110  stm32f4xx_hal_uart.o(.text)
    HAL_LIN_Init                             0x0800b24f   Thumb Code   144  stm32f4xx_hal_uart.o(.text)
    HAL_MultiProcessor_Init                  0x0800b2df   Thumb Code   146  stm32f4xx_hal_uart.o(.text)
    HAL_UART_DeInit                          0x0800b373   Thumb Code    42  stm32f4xx_hal_uart.o(.text)
    HAL_UART_Transmit                        0x0800b415   Thumb Code   220  stm32f4xx_hal_uart.o(.text)
    HAL_UART_Receive                         0x0800b4f1   Thumb Code   226  stm32f4xx_hal_uart.o(.text)
    HAL_UART_Transmit_IT                     0x0800b5d3   Thumb Code    66  stm32f4xx_hal_uart.o(.text)
    HAL_UART_Receive_IT                      0x0800b615   Thumb Code    76  stm32f4xx_hal_uart.o(.text)
    HAL_UART_ErrorCallback                   0x0800b661   Thumb Code     2  stm32f4xx_hal_uart.o(.text)
    HAL_UART_TxHalfCpltCallback              0x0800b6db   Thumb Code     2  stm32f4xx_hal_uart.o(.text)
    HAL_UART_TxCpltCallback                  0x0800b6e7   Thumb Code     2  stm32f4xx_hal_uart.o(.text)
    HAL_UART_Transmit_DMA                    0x0800b719   Thumb Code   138  stm32f4xx_hal_uart.o(.text)
    HAL_UART_RxHalfCpltCallback              0x0800b7a3   Thumb Code     2  stm32f4xx_hal_uart.o(.text)
    HAL_UART_Receive_DMA                     0x0800b7ef   Thumb Code   150  stm32f4xx_hal_uart.o(.text)
    HAL_UART_DMAPause                        0x0800b885   Thumb Code   102  stm32f4xx_hal_uart.o(.text)
    HAL_UART_DMAResume                       0x0800b8eb   Thumb Code    98  stm32f4xx_hal_uart.o(.text)
    HAL_UART_DMAStop                         0x0800b94d   Thumb Code    88  stm32f4xx_hal_uart.o(.text)
    HAL_UART_Abort                           0x0800b9a5   Thumb Code   108  stm32f4xx_hal_uart.o(.text)
    HAL_UART_AbortTransmit                   0x0800ba11   Thumb Code    60  stm32f4xx_hal_uart.o(.text)
    HAL_UART_AbortReceive                    0x0800ba4d   Thumb Code    70  stm32f4xx_hal_uart.o(.text)
    HAL_UART_AbortCpltCallback               0x0800ba93   Thumb Code     2  stm32f4xx_hal_uart.o(.text)
    HAL_UART_Abort_IT                        0x0800baed   Thumb Code   206  stm32f4xx_hal_uart.o(.text)
    HAL_UART_AbortTransmitCpltCallback       0x0800bbbb   Thumb Code     2  stm32f4xx_hal_uart.o(.text)
    HAL_UART_AbortTransmit_IT                0x0800bbd1   Thumb Code    94  stm32f4xx_hal_uart.o(.text)
    HAL_UART_AbortReceiveCpltCallback        0x0800bc2f   Thumb Code     2  stm32f4xx_hal_uart.o(.text)
    HAL_UART_AbortReceive_IT                 0x0800bc45   Thumb Code   104  stm32f4xx_hal_uart.o(.text)
    HAL_UART_IRQHandler                      0x0800bdcf   Thumb Code   300  stm32f4xx_hal_uart.o(.text)
    HAL_LIN_SendBreak                        0x0800befb   Thumb Code    50  stm32f4xx_hal_uart.o(.text)
    HAL_MultiProcessor_EnterMuteMode         0x0800bf2d   Thumb Code    50  stm32f4xx_hal_uart.o(.text)
    HAL_MultiProcessor_ExitMuteMode          0x0800bf5f   Thumb Code    50  stm32f4xx_hal_uart.o(.text)
    HAL_HalfDuplex_EnableTransmitter         0x0800bf91   Thumb Code    54  stm32f4xx_hal_uart.o(.text)
    HAL_HalfDuplex_EnableReceiver            0x0800bfc7   Thumb Code    66  stm32f4xx_hal_uart.o(.text)
    HAL_UART_GetState                        0x0800c009   Thumb Code    12  stm32f4xx_hal_uart.o(.text)
    HAL_UART_GetError                        0x0800c015   Thumb Code     4  stm32f4xx_hal_uart.o(.text)
    SystemInit                               0x0800c019   Thumb Code    64  system_stm32f4xx.o(.text)
    SystemCoreClockUpdate                    0x0800c059   Thumb Code   124  system_stm32f4xx.o(.text)
    __aeabi_uldivmod                         0x0800c101   Thumb Code    98  uldiv.o(.text)
    strcmp                                   0x0800c163   Thumb Code    28  strcmp.o(.text)
    __0sscanf                                0x0800c181   Thumb Code    48  __0sscanf.o(.text)
    _scanf_int                               0x0800c1b9   Thumb Code   332  _scanf_int.o(.text)
    __aeabi_dmul                             0x0800c305   Thumb Code   228  dmul.o(.text)
    __aeabi_ui2d                             0x0800c3e9   Thumb Code    26  dfltui.o(.text)
    __aeabi_d2uiz                            0x0800c403   Thumb Code    50  dfixui.o(.text)
    __aeabi_f2d                              0x0800c435   Thumb Code    38  f2d.o(.text)
    __aeabi_cdcmpeq                          0x0800c45d   Thumb Code     0  cdcmple.o(.text)
    __aeabi_cdcmple                          0x0800c45d   Thumb Code    48  cdcmple.o(.text)
    __aeabi_cdrcmple                         0x0800c48d   Thumb Code    48  cdrcmple.o(.text)
    __aeabi_llsl                             0x0800c4bd   Thumb Code    30  llshl.o(.text)
    _ll_shift_l                              0x0800c4bd   Thumb Code     0  llshl.o(.text)
    __aeabi_llsr                             0x0800c4db   Thumb Code    32  llushr.o(.text)
    _ll_ushift_r                             0x0800c4db   Thumb Code     0  llushr.o(.text)
    _chval                                   0x0800c4fb   Thumb Code    28  _chval.o(.text)
    __vfscanf_char                           0x0800c525   Thumb Code    20  scanf_char.o(.text)
    _sgetc                                   0x0800c541   Thumb Code    30  _sgetc.o(.text)
    _sbackspace                              0x0800c55f   Thumb Code    34  _sgetc.o(.text)
    __I$use$fp                               0x0800c581   Thumb Code     0  iusefp.o(.text)
    _double_round                            0x0800c581   Thumb Code    30  depilogue.o(.text)
    _double_epilogue                         0x0800c59f   Thumb Code   156  depilogue.o(.text)
    _dsqrt                                   0x0800c63b   Thumb Code   162  dsqrt.o(.text)
    __scatterload                            0x0800c6dd   Thumb Code    28  init.o(.text)
    __scatterload_rt2                        0x0800c6dd   Thumb Code     0  init.o(.text)
    isspace                                  0x0800c701   Thumb Code    10  isspace_c.o(.text)
    __vfscanf                                0x0800c70d   Thumb Code   808  _scanf.o(.text)
    __ctype_lookup                           0x0800ca39   Thumb Code    34  ctype_c.o(.text)
    __decompress                             0x0800ca61   Thumb Code     0  __dczerorl2.o(.text)
    __decompress1                            0x0800ca61   Thumb Code    86  __dczerorl2.o(.text)
    __0printf$8                              0x0800cab9   Thumb Code    22  printf8.o(i.__0printf$8)
    __1printf$8                              0x0800cab9   Thumb Code     0  printf8.o(i.__0printf$8)
    __2printf                                0x0800cab9   Thumb Code     0  printf8.o(i.__0printf$8)
    __0sprintf$8                             0x0800cad9   Thumb Code    34  printf8.o(i.__0sprintf$8)
    __1sprintf$8                             0x0800cad9   Thumb Code     0  printf8.o(i.__0sprintf$8)
    __2sprintf                               0x0800cad9   Thumb Code     0  printf8.o(i.__0sprintf$8)
    __hardfp_sqrt                            0x0800cb01   Thumb Code   122  sqrt.o(i.__hardfp_sqrt)
    __scatterload_copy                       0x0800cb7b   Thumb Code    14  handlers.o(i.__scatterload_copy)
    __scatterload_null                       0x0800cb89   Thumb Code     2  handlers.o(i.__scatterload_null)
    __scatterload_zeroinit                   0x0800cb8b   Thumb Code    14  handlers.o(i.__scatterload_zeroinit)
    __set_errno                              0x0800cb99   Thumb Code     6  errno.o(i.__set_errno)
    asc2_1206                                0x0800d010   Data        1140  lcd.o(.constdata)
    asc2_1608                                0x0800d484   Data        1520  lcd.o(.constdata)
    asc2_2412                                0x0800da74   Data        3420  lcd.o(.constdata)
    GT9147_CFG_TBL                           0x0800e7d0   Data         184  gt9147.o(.constdata)
    GT9147_TPX_TBL                           0x0800e888   Data          10  gt9147.o(.constdata)
    TP_REMIND_MSG_TBL                        0x0800e894   Data           4  touch.o(.constdata)
    POINT_COLOR_TBL                          0x0800e898   Data          10  main.o(.constdata)
    AHBPrescTable                            0x0800e8aa   Data          16  system_stm32f4xx.o(.constdata)
    APBPrescTable                            0x0800e8ba   Data           8  system_stm32f4xx.o(.constdata)
    __ctype_categories                       0x0800e8c2   Data          64  ctype_c.o(.constdata)
    Region$$Table$$Base                      0x0800e9b0   Number         0  anon$$obj.o(Region$$Table)
    Region$$Table$$Limit                     0x0800e9d0   Number         0  anon$$obj.o(Region$$Table)
    POINT_COLOR                              0x20000004   Data           2  lcd.o(.data)
    BACK_COLOR                               0x20000006   Data           2  lcd.o(.data)
    CMD_RDX                                  0x20000010   Data           1  touch.o(.data)
    CMD_RDY                                  0x20000011   Data           1  touch.o(.data)
    tp_dev                                   0x20000014   Data          52  touch.o(.data)
    modeInt                                  0x20000048   Data           1  main.o(.data)
    setTimeFlag                              0x20000049   Data           1  main.o(.data)
    setDateFlag                              0x2000004a   Data           1  main.o(.data)
    alarmFlag                                0x2000004b   Data           1  main.o(.data)
    focusInt                                 0x2000004c   Data           4  main.o(.data)
    focusMax                                 0x20000050   Data           4  main.o(.data)
    focusPrev                                0x20000054   Data           4  main.o(.data)
    focusCurr                                0x20000058   Data           4  main.o(.data)
    dateYearInt                              0x20000070   Data           4  main.o(.data)
    dateMonthInt                             0x20000074   Data           4  main.o(.data)
    dateDayInt                               0x20000078   Data           4  main.o(.data)
    dateWeekdayInt                           0x2000007c   Data           4  main.o(.data)
    timeHourInt                              0x20000080   Data           4  main.o(.data)
    timeMinuteInt                            0x20000084   Data           4  main.o(.data)
    timeSecondInt                            0x20000088   Data           4  main.o(.data)
    dateYearStr                              0x2000008c   Data           5  main.o(.data)
    dateMonthStr                             0x20000091   Data           5  main.o(.data)
    dateDayStr                               0x20000096   Data           5  main.o(.data)
    timeHourStr                              0x2000009b   Data           5  main.o(.data)
    timeMinuteStr                            0x200000a0   Data           5  main.o(.data)
    timeSecondStr                            0x200000a5   Data           5  main.o(.data)
    alarmEnableInt                           0x200000ac   Data           8  main.o(.data)
    alarmHourInt                             0x200000b4   Data           8  main.o(.data)
    alarmMinuteInt                           0x200000bc   Data           8  main.o(.data)
    modeStr                                  0x200000c4   Data          16  main.o(.data)
    dateFocus                                0x200000d4   Data          18  main.o(.data)
    timeFocus                                0x200000e6   Data          18  main.o(.data)
    alarmFocus                               0x200000f8   Data          36  main.o(.data)
    uwTickFreq                               0x20000124   Data           1  stm32f4xx_hal.o(.data)
    uwTickPrio                               0x20000128   Data           4  stm32f4xx_hal.o(.data)
    uwTick                                   0x2000012c   Data           4  stm32f4xx_hal.o(.data)
    SystemCoreClock                          0x20000130   Data           4  system_stm32f4xx.o(.data)
    __stdout                                 0x20000134   Data           4  stdout.o(.data)
    lcddev                                   0x2000013c   Data          14  lcd.o(.bss)
    rtcDateStr                               0x2000014a   Data         100  main.o(.bss)
    rtcTimeStr                               0x200001ae   Data         100  main.o(.bss)
    Buff                                     0x20000212   Data          30  main.o(.bss)
    alarmEnableStr                           0x20000230   Data          10  main.o(.bss)
    alarmHourStr                             0x2000023a   Data          10  main.o(.bss)
    alarmMinuteStr                           0x20000244   Data          10  main.o(.bss)
    hsram1                                   0x20000250   Data          80  fsmc.o(.bss)
    hrtc                                     0x200002a0   Data          32  rtc.o(.bss)
    htim2                                    0x200002c0   Data          60  tim.o(.bss)
    huart1                                   0x200002fc   Data          64  usart.o(.bss)
    __initial_sp                             0x20000740   Data           0  startup_stm32f407xx.o(STACK)



==============================================================================

Memory Map of the image

  Image Entry point : 0x08000189

  Load Region LR_IROM1 (Base: 0x08000000, Size: 0x0000eb0c, Max: 0x00100000, ABSOLUTE, COMPRESSED[0x0000ea30])

    Execution Region ER_IROM1 (Exec base: 0x08000000, Load base: 0x08000000, Size: 0x0000e9d0, Max: 0x00100000, ABSOLUTE)

    Exec Addr    Load Addr    Size         Type   Attr      Idx    E Section Name        Object

    0x08000000   0x08000000   0x00000188   Data   RO            3    RESET               startup_stm32f407xx.o
    0x08000188   0x08000188   0x00000000   Code   RO         1169  * .ARM.Collect$$$$00000000  mc_w.l(entry.o)
    0x08000188   0x08000188   0x00000004   Code   RO         1453    .ARM.Collect$$$$00000001  mc_w.l(entry2.o)
    0x0800018c   0x0800018c   0x00000004   Code   RO         1456    .ARM.Collect$$$$00000004  mc_w.l(entry5.o)
    0x08000190   0x08000190   0x00000000   Code   RO         1458    .ARM.Collect$$$$00000008  mc_w.l(entry7b.o)
    0x08000190   0x08000190   0x00000000   Code   RO         1460    .ARM.Collect$$$$0000000A  mc_w.l(entry8b.o)
    0x08000190   0x08000190   0x00000008   Code   RO         1461    .ARM.Collect$$$$0000000B  mc_w.l(entry9a.o)
    0x08000198   0x08000198   0x00000000   Code   RO         1463    .ARM.Collect$$$$0000000D  mc_w.l(entry10a.o)
    0x08000198   0x08000198   0x00000000   Code   RO         1465    .ARM.Collect$$$$0000000F  mc_w.l(entry11a.o)
    0x08000198   0x08000198   0x00000004   Code   RO         1454    .ARM.Collect$$$$00002712  mc_w.l(entry2.o)
    0x0800019c   0x0800019c   0x00000024   Code   RO            4    .text               startup_stm32f407xx.o
    0x080001c0   0x080001c0   0x0000013e   Code   RO           13    .text               24cxx.o
    0x080002fe   0x080002fe   0x00000002   PAD
    0x08000300   0x08000300   0x0000008c   Code   RO          155    .text               delay.o
    0x0800038c   0x0800038c   0x00000238   Code   RO          184    .text               myiic.o
    0x080005c4   0x080005c4   0x00001a6c   Code   RO          211    .text               lcd.o
    0x08002030   0x08002030   0x000002f0   Code   RO          279    .text               ctiic.o
    0x08002320   0x08002320   0x000003b0   Code   RO          307    .text               gt9147.o
    0x080026d0   0x080026d0   0x00000b30   Code   RO          352    .text               touch.o
    0x08003200   0x08003200   0x00000fb4   Code   RO          392    .text               main.o
    0x080041b4   0x080041b4   0x00000160   Code   RO          469    .text               gpio.o
    0x08004314   0x08004314   0x0000015c   Code   RO          493    .text               fsmc.o
    0x08004470   0x08004470   0x00000114   Code   RO          524    .text               rtc.o
    0x08004584   0x08004584   0x000000c4   Code   RO          554    .text               tim.o
    0x08004648   0x08004648   0x000000d0   Code   RO          584    .text               usart.o
    0x08004718   0x08004718   0x0000005c   Code   RO          614    .text               stm32f4xx_it.o
    0x08004774   0x08004774   0x00000058   Code   RO          642    .text               stm32f4xx_hal_msp.o
    0x080047cc   0x080047cc   0x00000370   Code   RO          666    .text               stm32f4xx_ll_fsmc.o
    0x08004b3c   0x08004b3c   0x00000828   Code   RO          690    .text               stm32f4xx_hal_rcc.o
    0x08005364   0x08005364   0x00000414   Code   RO          714    .text               stm32f4xx_hal_rcc_ex.o
    0x08005778   0x08005778   0x000003dc   Code   RO          808    .text               stm32f4xx_hal_gpio.o
    0x08005b54   0x08005b54   0x0000079c   Code   RO          856    .text               stm32f4xx_hal_dma.o
    0x080062f0   0x080062f0   0x0000028c   Code   RO          929    .text               stm32f4xx_hal_cortex.o
    0x0800657c   0x0800657c   0x000001c0   Code   RO          957    .text               stm32f4xx_hal.o
    0x0800673c   0x0800673c   0x00000328   Code   RO          984    .text               stm32f4xx_hal_sram.o
    0x08006a64   0x08006a64   0x00000a84   Code   RO         1008    .text               stm32f4xx_hal_rtc.o
    0x080074e8   0x080074e8   0x00000c30   Code   RO         1032    .text               stm32f4xx_hal_rtc_ex.o
    0x08008118   0x08008118   0x000021ec   Code   RO         1056    .text               stm32f4xx_hal_tim.o
    0x0800a304   0x0800a304   0x00000b40   Code   RO         1080    .text               stm32f4xx_hal_tim_ex.o
    0x0800ae44   0x0800ae44   0x000011d4   Code   RO         1104    .text               stm32f4xx_hal_uart.o
    0x0800c018   0x0800c018   0x000000e8   Code   RO         1128    .text               system_stm32f4xx.o
    0x0800c100   0x0800c100   0x00000062   Code   RO         1172    .text               mc_w.l(uldiv.o)
    0x0800c162   0x0800c162   0x0000001c   Code   RO         1174    .text               mc_w.l(strcmp.o)
    0x0800c17e   0x0800c17e   0x00000002   PAD
    0x0800c180   0x0800c180   0x00000038   Code   RO         1437    .text               mc_w.l(__0sscanf.o)
    0x0800c1b8   0x0800c1b8   0x0000014c   Code   RO         1439    .text               mc_w.l(_scanf_int.o)
    0x0800c304   0x0800c304   0x000000e4   Code   RO         1441    .text               mf_w.l(dmul.o)
    0x0800c3e8   0x0800c3e8   0x0000001a   Code   RO         1443    .text               mf_w.l(dfltui.o)
    0x0800c402   0x0800c402   0x00000032   Code   RO         1445    .text               mf_w.l(dfixui.o)
    0x0800c434   0x0800c434   0x00000026   Code   RO         1447    .text               mf_w.l(f2d.o)
    0x0800c45a   0x0800c45a   0x00000002   PAD
    0x0800c45c   0x0800c45c   0x00000030   Code   RO         1449    .text               mf_w.l(cdcmple.o)
    0x0800c48c   0x0800c48c   0x00000030   Code   RO         1451    .text               mf_w.l(cdrcmple.o)
    0x0800c4bc   0x0800c4bc   0x0000001e   Code   RO         1470    .text               mc_w.l(llshl.o)
    0x0800c4da   0x0800c4da   0x00000020   Code   RO         1472    .text               mc_w.l(llushr.o)
    0x0800c4fa   0x0800c4fa   0x0000001c   Code   RO         1481    .text               mc_w.l(_chval.o)
    0x0800c516   0x0800c516   0x00000002   PAD
    0x0800c518   0x0800c518   0x00000028   Code   RO         1483    .text               mc_w.l(scanf_char.o)
    0x0800c540   0x0800c540   0x00000040   Code   RO         1485    .text               mc_w.l(_sgetc.o)
    0x0800c580   0x0800c580   0x00000000   Code   RO         1487    .text               mc_w.l(iusefp.o)
    0x0800c580   0x0800c580   0x000000ba   Code   RO         1488    .text               mf_w.l(depilogue.o)
    0x0800c63a   0x0800c63a   0x000000a2   Code   RO         1494    .text               mf_w.l(dsqrt.o)
    0x0800c6dc   0x0800c6dc   0x00000024   Code   RO         1498    .text               mc_w.l(init.o)
    0x0800c700   0x0800c700   0x0000000a   Code   RO         1502    .text               mc_w.l(isspace_c.o)
    0x0800c70a   0x0800c70a   0x00000002   PAD
    0x0800c70c   0x0800c70c   0x0000032c   Code   RO         1504    .text               mc_w.l(_scanf.o)
    0x0800ca38   0x0800ca38   0x00000028   Code   RO         1506    .text               mc_w.l(ctype_c.o)
    0x0800ca60   0x0800ca60   0x00000056   Code   RO         1517    .text               mc_w.l(__dczerorl2.o)
    0x0800cab6   0x0800cab6   0x00000002   PAD
    0x0800cab8   0x0800cab8   0x00000020   Code   RO         1383    i.__0printf$8       mc_w.l(printf8.o)
    0x0800cad8   0x0800cad8   0x00000028   Code   RO         1385    i.__0sprintf$8      mc_w.l(printf8.o)
    0x0800cb00   0x0800cb00   0x0000007a   Code   RO         1157    i.__hardfp_sqrt     m_wm.l(sqrt.o)
    0x0800cb7a   0x0800cb7a   0x0000000e   Code   RO         1511    i.__scatterload_copy  mc_w.l(handlers.o)
    0x0800cb88   0x0800cb88   0x00000002   Code   RO         1512    i.__scatterload_null  mc_w.l(handlers.o)
    0x0800cb8a   0x0800cb8a   0x0000000e   Code   RO         1513    i.__scatterload_zeroinit  mc_w.l(handlers.o)
    0x0800cb98   0x0800cb98   0x0000000c   Code   RO         1476    i.__set_errno       mc_w.l(errno.o)
    0x0800cba4   0x0800cba4   0x00000410   Code   RO         1390    i._printf_core      mc_w.l(printf8.o)
    0x0800cfb4   0x0800cfb4   0x00000024   Code   RO         1391    i._printf_post_padding  mc_w.l(printf8.o)
    0x0800cfd8   0x0800cfd8   0x0000002e   Code   RO         1392    i._printf_pre_padding  mc_w.l(printf8.o)
    0x0800d006   0x0800d006   0x0000000a   Code   RO         1394    i._sputc            mc_w.l(printf8.o)
    0x0800d010   0x0800d010   0x000017c0   Data   RO          213    .constdata          lcd.o
    0x0800e7d0   0x0800e7d0   0x000000c2   Data   RO          308    .constdata          gt9147.o
    0x0800e892   0x0800e892   0x00000002   PAD
    0x0800e894   0x0800e894   0x00000004   Data   RO          353    .constdata          touch.o
    0x0800e898   0x0800e898   0x0000000a   Data   RO          407    .constdata          main.o
    0x0800e8a2   0x0800e8a2   0x00000008   Data   RO          857    .constdata          stm32f4xx_hal_dma.o
    0x0800e8aa   0x0800e8aa   0x00000010   Data   RO         1129    .constdata          system_stm32f4xx.o
    0x0800e8ba   0x0800e8ba   0x00000008   Data   RO         1130    .constdata          system_stm32f4xx.o
    0x0800e8c2   0x0800e8c2   0x00000040   Data   RO         1507    .constdata          mc_w.l(ctype_c.o)
    0x0800e902   0x0800e902   0x00000002   PAD
    0x0800e904   0x0800e904   0x00000079   Data   RO          354    .conststring        touch.o
    0x0800e97d   0x0800e97d   0x00000003   PAD
    0x0800e980   0x0800e980   0x0000002e   Data   RO          408    .conststring        main.o
    0x0800e9ae   0x0800e9ae   0x00000002   PAD
    0x0800e9b0   0x0800e9b0   0x00000020   Data   RO         1509    Region$$Table       anon$$obj.o


    Execution Region RW_IRAM1 (Exec base: 0x20000000, Load base: 0x0800e9d0, Size: 0x00000740, Max: 0x00020000, ABSOLUTE, COMPRESSED[0x00000060])

    Exec Addr    Load Addr    Size         Type   Attr      Idx    E Section Name        Object

    0x20000000   COMPRESSED   0x00000004   Data   RW          156    .data               delay.o
    0x20000004   COMPRESSED   0x00000008   Data   RW          214    .data               lcd.o
    0x2000000c   COMPRESSED   0x00000001   Data   RW          309    .data               gt9147.o
    0x2000000d   COMPRESSED   0x00000003   PAD
    0x20000010   COMPRESSED   0x00000038   Data   RW          355    .data               touch.o
    0x20000048   COMPRESSED   0x000000d4   Data   RW          410    .data               main.o
    0x2000011c   COMPRESSED   0x00000008   Data   RW          495    .data               fsmc.o
    0x20000124   COMPRESSED   0x0000000c   Data   RW          958    .data               stm32f4xx_hal.o
    0x20000130   COMPRESSED   0x00000004   Data   RW         1131    .data               system_stm32f4xx.o
    0x20000134   COMPRESSED   0x00000004   Data   RW         1467    .data               mc_w.l(stdout.o)
    0x20000138   COMPRESSED   0x00000004   Data   RW         1477    .data               mc_w.l(errno.o)
    0x2000013c        -       0x0000000e   Zero   RW          212    .bss                lcd.o
    0x2000014a        -       0x00000104   Zero   RW          393    .bss                main.o
    0x2000024e   COMPRESSED   0x00000002   PAD
    0x20000250        -       0x00000050   Zero   RW          494    .bss                fsmc.o
    0x200002a0        -       0x00000020   Zero   RW          525    .bss                rtc.o
    0x200002c0        -       0x0000003c   Zero   RW          555    .bss                tim.o
    0x200002fc        -       0x00000040   Zero   RW          585    .bss                usart.o
    0x2000033c   COMPRESSED   0x00000004   PAD
    0x20000340        -       0x00000400   Zero   RW            1    STACK               startup_stm32f407xx.o


==============================================================================

Image component sizes


      Code (inc. data)   RO Data    RW Data    ZI Data      Debug   Object Name

       318          0          0          0          0     727650   24cxx.o
       752         14          0          0          0       3416   ctiic.o
       140          4          0          4          0       1609   delay.o
       348         50          0          8         80       1976   fsmc.o
       352         30          0          0          0       1263   gpio.o
       944         70        194          1          0       3546   gt9147.o
      6764         80       6080          8         14      16990   lcd.o
      4020        460         56        212        260      10818   main.o
       568         14          0          0          0       2520   myiic.o
       276         30          0          0         32       1707   rtc.o
        36          8        392          0       1024        876   startup_stm32f407xx.o
       448         44          0         12          0       5876   stm32f4xx_hal.o
       652         24          0          0          0      32754   stm32f4xx_hal_cortex.o
      1948         32          8          0          0       7813   stm32f4xx_hal_dma.o
       988         26          0          0          0       4243   stm32f4xx_hal_gpio.o
        88          0          0          0          0        578   stm32f4xx_hal_msp.o
      2088        106          0          0          0       6467   stm32f4xx_hal_rcc.o
      1044         70          0          0          0       3686   stm32f4xx_hal_rcc_ex.o
      2692         26          0          0          0       8953   stm32f4xx_hal_rtc.o
      3120         40          0          0          0      14309   stm32f4xx_hal_rtc_ex.o
       808          8          0          0          0       7152   stm32f4xx_hal_sram.o
      8684         64          0          0          0      33878   stm32f4xx_hal_tim.o
      2880         22          0          0          0      12542   stm32f4xx_hal_tim_ex.o
      4564         54          0          0          0      17488   stm32f4xx_hal_uart.o
        92         10          0          0          0       1985   stm32f4xx_it.o
       880         12          0          0          0       6808   stm32f4xx_ll_fsmc.o
       232         44         24          4          0       1757   system_stm32f4xx.o
       196         26          0          0         60       1643   tim.o
      2864        172        125         56          0       7403   touch.o
       208         34          0          0         64       1695   usart.o

    ----------------------------------------------------------------------
     48996       1574       6918        308       1540     949401   Object Totals
         0          0         32          0          0          0   (incl. Generated)
         2          0          7          3          6          0   (incl. Padding)

    ----------------------------------------------------------------------

      Code (inc. data)   RO Data    RW Data    ZI Data      Debug   Library Member Name

       122          0          0          0          0        148   sqrt.o
        56          8          0          0          0         84   __0sscanf.o
        86          0          0          0          0          0   __dczerorl2.o
        28          0          0          0          0         68   _chval.o
       812          4          0          0          0        112   _scanf.o
       332          0          0          0          0         96   _scanf_int.o
        64          0          0          0          0         84   _sgetc.o
        40          6         64          0          0         68   ctype_c.o
         0          0          0          0          0          0   entry.o
         0          0          0          0          0          0   entry10a.o
         0          0          0          0          0          0   entry11a.o
         8          4          0          0          0          0   entry2.o
         4          0          0          0          0          0   entry5.o
         0          0          0          0          0          0   entry7b.o
         0          0          0          0          0          0   entry8b.o
         8          4          0          0          0          0   entry9a.o
        12          6          0          4          0         68   errno.o
        30          0          0          0          0          0   handlers.o
        36          8          0          0          0         68   init.o
        10          0          0          0          0         68   isspace_c.o
         0          0          0          0          0          0   iusefp.o
        30          0          0          0          0         68   llshl.o
        32          0          0          0          0         68   llushr.o
      1204         60          0          0          0        504   printf8.o
        40          8          0          0          0         84   scanf_char.o
         0          0          0          4          0          0   stdout.o
        28          0          0          0          0         76   strcmp.o
        98          0          0          0          0         92   uldiv.o
        48          0          0          0          0         68   cdcmple.o
        48          0          0          0          0         68   cdrcmple.o
       186          0          0          0          0        176   depilogue.o
        50          0          0          0          0         76   dfixui.o
        26          0          0          0          0         76   dfltui.o
       228          0          0          0          0         96   dmul.o
       162          0          0          0          0        100   dsqrt.o
        38          0          0          0          0         68   f2d.o

    ----------------------------------------------------------------------
      3876        108         66          8          0       2484   Library Totals
        10          0          2          0          0          0   (incl. Padding)

    ----------------------------------------------------------------------

      Code (inc. data)   RO Data    RW Data    ZI Data      Debug   Library Name

       122          0          0          0          0        148   m_wm.l
      2958        108         64          8          0       1608   mc_w.l
       786          0          0          0          0        728   mf_w.l

    ----------------------------------------------------------------------
      3876        108         66          8          0       2484   Library Totals

    ----------------------------------------------------------------------

==============================================================================


      Code (inc. data)   RO Data    RW Data    ZI Data      Debug   

     52872       1682       6984        316       1540     944221   Grand Totals
     52872       1682       6984         96       1540     944221   ELF Image Totals (compressed)
     52872       1682       6984         96          0          0   ROM Totals

==============================================================================

    Total RO  Size (Code + RO Data)                59856 (  58.45kB)
    Total RW  Size (RW Data + ZI Data)              1856 (   1.81kB)
    Total ROM Size (Code + RO Data + RW Data)      59952 (  58.55kB)

==============================================================================

